Component: ARM Compiler 5.06 update 6 (build 750) Tool: armlink [4d35ed]

==============================================================================

Section Cross References

    system_gd32f1x0.o(i.SystemCoreClockUpdate) refers to system_gd32f1x0.o(.data) for SystemCoreClock
    system_gd32f1x0.o(i.SystemInit) refers to system_gd32f1x0.o(i.system_clock_config) for system_clock_config
    system_gd32f1x0.o(i.system_clock_config) refers to system_gd32f1x0.o(i.system_clock_8m_hxtal) for system_clock_8m_hxtal
    startup_gd32f1x0.o(RESET) refers to startup_gd32f1x0.o(STACK) for __initial_sp
    startup_gd32f1x0.o(RESET) refers to startup_gd32f1x0.o(.text) for Reset_Handler
    startup_gd32f1x0.o(RESET) refers to gd32f1x0_it.o(i.NMI_Handler) for NMI_Handler
    startup_gd32f1x0.o(RESET) refers to gd32f1x0_it.o(i.HardFault_Handler) for HardFault_Handler
    startup_gd32f1x0.o(RESET) refers to gd32f1x0_it.o(i.MemManage_Handler) for MemManage_Handler
    startup_gd32f1x0.o(RESET) refers to gd32f1x0_it.o(i.BusFault_Handler) for BusFault_Handler
    startup_gd32f1x0.o(RESET) refers to gd32f1x0_it.o(i.UsageFault_Handler) for UsageFault_Handler
    startup_gd32f1x0.o(RESET) refers to gd32f1x0_it.o(i.SVC_Handler) for SVC_Handler
    startup_gd32f1x0.o(RESET) refers to gd32f1x0_it.o(i.DebugMon_Handler) for DebugMon_Handler
    startup_gd32f1x0.o(RESET) refers to gd32f1x0_it.o(i.PendSV_Handler) for PendSV_Handler
    startup_gd32f1x0.o(RESET) refers to gd32f1x0_it.o(i.SysTick_Handler) for SysTick_Handler
    startup_gd32f1x0.o(RESET) refers to gd32f1x0_it.o(i.USART0_IRQHandler) for USART0_IRQHandler
    startup_gd32f1x0.o(RESET) refers to gd32f1x0_it.o(i.USART1_IRQHandler) for USART1_IRQHandler
    startup_gd32f1x0.o(.text) refers to system_gd32f1x0.o(i.SystemInit) for SystemInit
    startup_gd32f1x0.o(.text) refers to entry.o(.ARM.Collect$$$$00000000) for __main
    gd32f1x0_adc.o(i.adc_deinit) refers to gd32f1x0_rcu.o(i.rcu_periph_reset_enable) for rcu_periph_reset_enable
    gd32f1x0_adc.o(i.adc_deinit) refers to gd32f1x0_rcu.o(i.rcu_periph_reset_disable) for rcu_periph_reset_disable
    gd32f1x0_cec.o(i.cec_deinit) refers to gd32f1x0_rcu.o(i.rcu_periph_reset_enable) for rcu_periph_reset_enable
    gd32f1x0_cec.o(i.cec_deinit) refers to gd32f1x0_rcu.o(i.rcu_periph_reset_disable) for rcu_periph_reset_disable
    gd32f1x0_dac.o(i.dac_deinit) refers to gd32f1x0_rcu.o(i.rcu_periph_reset_enable) for rcu_periph_reset_enable
    gd32f1x0_dac.o(i.dac_deinit) refers to gd32f1x0_rcu.o(i.rcu_periph_reset_disable) for rcu_periph_reset_disable
    gd32f1x0_fmc.o(i.fmc_halfword_program) refers to gd32f1x0_fmc.o(i.fmc_ready_wait) for fmc_ready_wait
    gd32f1x0_fmc.o(i.fmc_mass_erase) refers to gd32f1x0_fmc.o(i.fmc_ready_wait) for fmc_ready_wait
    gd32f1x0_fmc.o(i.fmc_page_erase) refers to gd32f1x0_fmc.o(i.fmc_ready_wait) for fmc_ready_wait
    gd32f1x0_fmc.o(i.fmc_ready_wait) refers to gd32f1x0_fmc.o(i.fmc_state_get) for fmc_state_get
    gd32f1x0_fmc.o(i.fmc_wait_state_disable) refers to gd32f1x0_fmc.o(i.fmc_unlock) for fmc_unlock
    gd32f1x0_fmc.o(i.fmc_wait_state_disable) refers to gd32f1x0_fmc.o(i.fmc_lock) for fmc_lock
    gd32f1x0_fmc.o(i.fmc_wait_state_enable) refers to gd32f1x0_fmc.o(i.fmc_unlock) for fmc_unlock
    gd32f1x0_fmc.o(i.fmc_wait_state_enable) refers to gd32f1x0_fmc.o(i.fmc_lock) for fmc_lock
    gd32f1x0_fmc.o(i.fmc_word_program) refers to gd32f1x0_fmc.o(i.fmc_ready_wait) for fmc_ready_wait
    gd32f1x0_fmc.o(i.ob_data_program) refers to gd32f1x0_fmc.o(i.fmc_ready_wait) for fmc_ready_wait
    gd32f1x0_fmc.o(i.ob_erase) refers to gd32f1x0_fmc.o(i.ob_obstat_plevel_get) for ob_obstat_plevel_get
    gd32f1x0_fmc.o(i.ob_erase) refers to gd32f1x0_fmc.o(i.fmc_ready_wait) for fmc_ready_wait
    gd32f1x0_fmc.o(i.ob_security_protection_config) refers to gd32f1x0_fmc.o(i.fmc_ready_wait) for fmc_ready_wait
    gd32f1x0_fmc.o(i.ob_security_protection_config) refers to gd32f1x0_fmc.o(i.ob_obstat_plevel_get) for ob_obstat_plevel_get
    gd32f1x0_fmc.o(i.ob_user_write) refers to gd32f1x0_fmc.o(i.fmc_ready_wait) for fmc_ready_wait
    gd32f1x0_fmc.o(i.ob_write_protection_enable) refers to gd32f1x0_fmc.o(i.fmc_ready_wait) for fmc_ready_wait
    gd32f1x0_gpio.o(i.gpio_deinit) refers to gd32f1x0_rcu.o(i.rcu_periph_reset_enable) for rcu_periph_reset_enable
    gd32f1x0_gpio.o(i.gpio_deinit) refers to gd32f1x0_rcu.o(i.rcu_periph_reset_disable) for rcu_periph_reset_disable
    gd32f1x0_i2c.o(i.i2c_clock_config) refers to gd32f1x0_rcu.o(i.rcu_clock_freq_get) for rcu_clock_freq_get
    gd32f1x0_i2c.o(i.i2c_deinit) refers to gd32f1x0_rcu.o(i.rcu_periph_reset_enable) for rcu_periph_reset_enable
    gd32f1x0_i2c.o(i.i2c_deinit) refers to gd32f1x0_rcu.o(i.rcu_periph_reset_disable) for rcu_periph_reset_disable
    gd32f1x0_pmu.o(i.pmu_deinit) refers to gd32f1x0_rcu.o(i.rcu_periph_reset_enable) for rcu_periph_reset_enable
[...]
    Removing gd32f1x0_adc.o(i.adc_regular_channel_config), (220 bytes).
    Removing gd32f1x0_adc.o(i.adc_regular_data_read), (12 bytes).
    Removing gd32f1x0_adc.o(i.adc_software_trigger_enable), (44 bytes).
    Removing gd32f1x0_adc.o(i.adc_special_function_config), (128 bytes).
    Removing gd32f1x0_adc.o(i.adc_tempsensor_vrefint_disable), (20 bytes).
    Removing gd32f1x0_adc.o(i.adc_tempsensor_vrefint_enable), (20 bytes).
    Removing gd32f1x0_adc.o(i.adc_vbat_disable), (20 bytes).
    Removing gd32f1x0_adc.o(i.adc_vbat_enable), (20 bytes).
    Removing gd32f1x0_adc.o(i.adc_watchdog_disable), (24 bytes).
    Removing gd32f1x0_adc.o(i.adc_watchdog_group_channel_enable), (84 bytes).
    Removing gd32f1x0_adc.o(i.adc_watchdog_single_channel_enable), (48 bytes).
    Removing gd32f1x0_adc.o(i.adc_watchdog_threshold_config), (16 bytes).
    Removing gd32f1x0_cec.o(.rev16_text), (4 bytes).
    Removing gd32f1x0_cec.o(.revsh_text), (4 bytes).
    Removing gd32f1x0_cec.o(i.cec_data_receive), (12 bytes).
    Removing gd32f1x0_cec.o(i.cec_data_send), (12 bytes).
    Removing gd32f1x0_cec.o(i.cec_deinit), (20 bytes).
    Removing gd32f1x0_cec.o(i.cec_disable), (20 bytes).
    Removing gd32f1x0_cec.o(i.cec_enable), (20 bytes).
    Removing gd32f1x0_cec.o(i.cec_error_config), (56 bytes).
    Removing gd32f1x0_cec.o(i.cec_flag_clear), (16 bytes).
    Removing gd32f1x0_cec.o(i.cec_flag_get), (24 bytes).
    Removing gd32f1x0_cec.o(i.cec_generate_errorbit_config), (32 bytes).
    Removing gd32f1x0_cec.o(i.cec_init), (60 bytes).
    Removing gd32f1x0_cec.o(i.cec_interrupt_disable), (16 bytes).
    Removing gd32f1x0_cec.o(i.cec_interrupt_enable), (16 bytes).
    Removing gd32f1x0_cec.o(i.cec_interrupt_flag_clear), (12 bytes).
    Removing gd32f1x0_cec.o(i.cec_interrupt_flag_get), (40 bytes).
    Removing gd32f1x0_cec.o(i.cec_listen_mode_disable), (20 bytes).
    Removing gd32f1x0_cec.o(i.cec_listen_mode_enable), (20 bytes).
    Removing gd32f1x0_cec.o(i.cec_own_address_config), (36 bytes).
    Removing gd32f1x0_cec.o(i.cec_reception_tolerance_disable), (20 bytes).
    Removing gd32f1x0_cec.o(i.cec_reception_tolerance_enable), (20 bytes).
    Removing gd32f1x0_cec.o(i.cec_sft_config), (28 bytes).
    Removing gd32f1x0_cec.o(i.cec_stop_receive_bre_config), (36 bytes).
    Removing gd32f1x0_cec.o(i.cec_transmission_end), (20 bytes).
    Removing gd32f1x0_cec.o(i.cec_transmission_start), (20 bytes).
    Removing gd32f1x0_cmp.o(.rev16_text), (4 bytes).
    Removing gd32f1x0_cmp.o(.revsh_text), (4 bytes).
    Removing gd32f1x0_cmp.o(i.cmp_deinit), (12 bytes).
    Removing gd32f1x0_cmp.o(i.cmp_disable), (36 bytes).
    Removing gd32f1x0_cmp.o(i.cmp_enable), (36 bytes).
    Removing gd32f1x0_cmp.o(i.cmp_lock_disable), (36 bytes).
    Removing gd32f1x0_cmp.o(i.cmp_lock_enable), (36 bytes).
    Removing gd32f1x0_cmp.o(i.cmp_mode_init), (84 bytes).
    Removing gd32f1x0_cmp.o(i.cmp_output_init), (104 bytes).
    Removing gd32f1x0_cmp.o(i.cmp_output_level_get), (44 bytes).
    Removing gd32f1x0_cmp.o(i.cmp_switch_disable), (20 bytes).
    Removing gd32f1x0_cmp.o(i.cmp_switch_enable), (20 bytes).
    Removing gd32f1x0_cmp.o(i.cmp_window_disable), (20 bytes).
    Removing gd32f1x0_cmp.o(i.cmp_window_enable), (20 bytes).
    Removing gd32f1x0_crc.o(.rev16_text), (4 bytes).
    Removing gd32f1x0_crc.o(.revsh_text), (4 bytes).
    Removing gd32f1x0_crc.o(i.crc_block_data_calculate), (36 bytes).
    Removing gd32f1x0_crc.o(i.crc_data_register_read), (12 bytes).
    Removing gd32f1x0_crc.o(i.crc_data_register_reset), (20 bytes).
    Removing gd32f1x0_crc.o(i.crc_deinit), (24 bytes).
    Removing gd32f1x0_crc.o(i.crc_free_data_register_read), (12 bytes).
    Removing gd32f1x0_crc.o(i.crc_free_data_register_write), (12 bytes).
    Removing gd32f1x0_crc.o(i.crc_init_data_register_write), (12 bytes).
    Removing gd32f1x0_crc.o(i.crc_input_data_reverse_config), (28 bytes).
    Removing gd32f1x0_crc.o(i.crc_reverse_output_data_disable), (20 bytes).
    Removing gd32f1x0_crc.o(i.crc_reverse_output_data_enable), (28 bytes).
    Removing gd32f1x0_crc.o(i.crc_single_data_calculate), (16 bytes).
    Removing gd32f1x0_dac.o(.rev16_text), (4 bytes).
    Removing gd32f1x0_dac.o(.revsh_text), (4 bytes).
    Removing gd32f1x0_dac.o(i.dac0_data_set), (44 bytes).
    Removing gd32f1x0_dac.o(i.dac0_disable), (20 bytes).
    Removing gd32f1x0_dac.o(i.dac0_dma_disable), (20 bytes).
    Removing gd32f1x0_dac.o(i.dac0_dma_enable), (20 bytes).
    Removing gd32f1x0_dac.o(i.dac0_enable), (20 bytes).
    Removing gd32f1x0_dac.o(i.dac0_flag_clear), (20 bytes).
    Removing gd32f1x0_dac.o(i.dac0_flag_get), (24 bytes).
    Removing gd32f1x0_dac.o(i.dac0_interrupt_disable), (20 bytes).
    Removing gd32f1x0_dac.o(i.dac0_interrupt_enable), (20 bytes).
    Removing gd32f1x0_dac.o(i.dac0_interrupt_flag_clear), (20 bytes).
    Removing gd32f1x0_dac.o(i.dac0_interrupt_flag_get), (40 bytes).
    Removing gd32f1x0_dac.o(i.dac0_output_buffer_disable), (20 bytes).
    Removing gd32f1x0_dac.o(i.dac0_output_buffer_enable), (20 bytes).
    Removing gd32f1x0_dac.o(i.dac0_output_value_get), (16 bytes).
    Removing gd32f1x0_dac.o(i.dac0_software_trigger_disable), (20 bytes).
    Removing gd32f1x0_dac.o(i.dac0_software_trigger_enable), (20 bytes).
    Removing gd32f1x0_dac.o(i.dac0_trigger_disable), (20 bytes).
    Removing gd32f1x0_dac.o(i.dac0_trigger_enable), (20 bytes).
    Removing gd32f1x0_dac.o(i.dac0_trigger_source_config), (28 bytes).
    Removing gd32f1x0_dac.o(i.dac_deinit), (20 bytes).
    Removing gd32f1x0_dbg.o(.rev16_text), (4 bytes).
    Removing gd32f1x0_dbg.o(.revsh_text), (4 bytes).
    Removing gd32f1x0_dbg.o(i.dbg_deinit), (16 bytes).
    Removing gd32f1x0_dbg.o(i.dbg_id_get), (12 bytes).
    Removing gd32f1x0_dbg.o(i.dbg_low_power_disable), (16 bytes).
    Removing gd32f1x0_dbg.o(i.dbg_low_power_enable), (16 bytes).
    Removing gd32f1x0_dbg.o(i.dbg_periph_disable), (32 bytes).
    Removing gd32f1x0_dbg.o(i.dbg_periph_enable), (32 bytes).
    Removing gd32f1x0_dma.o(.rev16_text), (4 bytes).
    Removing gd32f1x0_dma.o(.revsh_text), (4 bytes).
    Removing gd32f1x0_dma.o(i.dma_channel_disable), (36 bytes).
    Removing gd32f1x0_dma.o(i.dma_channel_enable), (36 bytes).
    Removing gd32f1x0_dma.o(i.dma_circulation_disable), (36 bytes).
    Removing gd32f1x0_dma.o(i.dma_circulation_enable), (36 bytes).
    Removing gd32f1x0_dma.o(i.dma_deinit), (92 bytes).
    Removing gd32f1x0_dma.o(i.dma_flag_clear), (24 bytes).
    Removing gd32f1x0_dma.o(i.dma_flag_get), (32 bytes).
    Removing gd32f1x0_dma.o(i.dma_init), (276 bytes).
    Removing gd32f1x0_dma.o(i.dma_interrupt_disable), (36 bytes).
    Removing gd32f1x0_dma.o(i.dma_interrupt_enable), (36 bytes).
    Removing gd32f1x0_dma.o(i.dma_interrupt_flag_clear), (24 bytes).
    Removing gd32f1x0_dma.o(i.dma_interrupt_flag_get), (196 bytes).
    Removing gd32f1x0_dma.o(i.dma_memory_address_config), (20 bytes).
    Removing gd32f1x0_dma.o(i.dma_memory_increase_disable), (36 bytes).
    Removing gd32f1x0_dma.o(i.dma_memory_increase_enable), (36 bytes).
    Removing gd32f1x0_dma.o(i.dma_memory_to_memory_disable), (36 bytes).
    Removing gd32f1x0_dma.o(i.dma_memory_to_memory_enable), (36 bytes).
    Removing gd32f1x0_dma.o(i.dma_memory_width_config), (40 bytes).
    Removing gd32f1x0_dma.o(i.dma_periph_address_config), (20 bytes).
    Removing gd32f1x0_dma.o(i.dma_periph_increase_disable), (36 bytes).
    Removing gd32f1x0_dma.o(i.dma_periph_increase_enable), (36 bytes).
    Removing gd32f1x0_dma.o(i.dma_periph_width_config), (40 bytes).
    Removing gd32f1x0_dma.o(i.dma_priority_config), (40 bytes).
    Removing gd32f1x0_dma.o(i.dma_transfer_direction_config), (68 bytes).
    Removing gd32f1x0_dma.o(i.dma_transfer_number_config), (20 bytes).
    Removing gd32f1x0_dma.o(i.dma_transfer_number_get), (20 bytes).
    Removing gd32f1x0_exti.o(.rev16_text), (4 bytes).
    Removing gd32f1x0_exti.o(.revsh_text), (4 bytes).
    Removing gd32f1x0_exti.o(i.exti_deinit), (32 bytes).
    Removing gd32f1x0_exti.o(i.exti_event_disable), (16 bytes).
    Removing gd32f1x0_exti.o(i.exti_event_enable), (16 bytes).
    Removing gd32f1x0_exti.o(i.exti_flag_clear), (12 bytes).
    Removing gd32f1x0_exti.o(i.exti_flag_get), (24 bytes).
    Removing gd32f1x0_exti.o(i.exti_init), (184 bytes).
    Removing gd32f1x0_exti.o(i.exti_interrupt_disable), (16 bytes).
    Removing gd32f1x0_exti.o(i.exti_interrupt_enable), (16 bytes).
    Removing gd32f1x0_exti.o(i.exti_interrupt_flag_clear), (12 bytes).
    Removing gd32f1x0_exti.o(i.exti_interrupt_flag_get), (36 bytes).
    Removing gd32f1x0_exti.o(i.exti_software_interrupt_disable), (16 bytes).
    Removing gd32f1x0_exti.o(i.exti_software_interrupt_enable), (16 bytes).
    Removing gd32f1x0_fmc.o(.rev16_text), (4 bytes).
    Removing gd32f1x0_fmc.o(.revsh_text), (4 bytes).
    Removing gd32f1x0_fmc.o(i.fmc_flag_clear), (12 bytes).
    Removing gd32f1x0_fmc.o(i.fmc_flag_get), (20 bytes).
    Removing gd32f1x0_fmc.o(i.fmc_halfword_program), (64 bytes).
    Removing gd32f1x0_fmc.o(i.fmc_interrupt_disable), (16 bytes).
    Removing gd32f1x0_fmc.o(i.fmc_interrupt_enable), (16 bytes).
    Removing gd32f1x0_fmc.o(i.fmc_lock), (20 bytes).
    Removing gd32f1x0_fmc.o(i.fmc_mass_erase), (68 bytes).
    Removing gd32f1x0_fmc.o(i.fmc_page_erase), (72 bytes).
    Removing gd32f1x0_fmc.o(i.fmc_ready_wait), (34 bytes).
    Removing gd32f1x0_fmc.o(i.fmc_state_get), (48 bytes).
    Removing gd32f1x0_fmc.o(i.fmc_unlock), (36 bytes).
    Removing gd32f1x0_fmc.o(i.fmc_wait_state_disable), (32 bytes).
    Removing gd32f1x0_fmc.o(i.fmc_wait_state_enable), (32 bytes).
    Removing gd32f1x0_fmc.o(i.fmc_word_program), (64 bytes).
    Removing gd32f1x0_fmc.o(i.fmc_wscnt_set), (24 bytes).
    Removing gd32f1x0_fmc.o(i.ob_data_get), (12 bytes).
    Removing gd32f1x0_fmc.o(i.ob_data_program), (68 bytes).
    Removing gd32f1x0_fmc.o(i.ob_erase), (156 bytes).
    Removing gd32f1x0_fmc.o(i.ob_lock), (20 bytes).
    Removing gd32f1x0_fmc.o(i.ob_obstat_plevel_get), (16 bytes).
    Removing gd32f1x0_fmc.o(i.ob_reset), (20 bytes).
    Removing gd32f1x0_fmc.o(i.ob_security_protection_config), (144 bytes).
    Removing gd32f1x0_fmc.o(i.ob_unlock), (36 bytes).
    Removing gd32f1x0_fmc.o(i.ob_user_get), (16 bytes).
    Removing gd32f1x0_fmc.o(i.ob_user_write), (76 bytes).
    Removing gd32f1x0_fmc.o(i.ob_write_protection_enable), (104 bytes).
    Removing gd32f1x0_fmc.o(i.ob_write_protection_get), (12 bytes).
    Removing gd32f1x0_fwdgt.o(.rev16_text), (4 bytes).
    Removing gd32f1x0_fwdgt.o(.revsh_text), (4 bytes).
    Removing gd32f1x0_fwdgt.o(i.fwdgt_config), (104 bytes).
    Removing gd32f1x0_fwdgt.o(i.fwdgt_counter_reload), (16 bytes).
    Removing gd32f1x0_fwdgt.o(i.fwdgt_enable), (16 bytes).
    Removing gd32f1x0_fwdgt.o(i.fwdgt_flag_get), (24 bytes).
    Removing gd32f1x0_fwdgt.o(i.fwdgt_window_value_config), (64 bytes).
    Removing gd32f1x0_fwdgt.o(i.fwdgt_write_disable), (12 bytes).
    Removing gd32f1x0_gpio.o(.rev16_text), (4 bytes).
    Removing gd32f1x0_gpio.o(.revsh_text), (4 bytes).
    Removing gd32f1x0_gpio.o(i.gpio_deinit), (148 bytes).
    Removing gd32f1x0_gpio.o(i.gpio_input_bit_get), (16 bytes).
    Removing gd32f1x0_gpio.o(i.gpio_input_port_get), (8 bytes).
    Removing gd32f1x0_gpio.o(i.gpio_output_port_get), (8 bytes).
    Removing gd32f1x0_gpio.o(i.gpio_pin_lock), (18 bytes).
    Removing gd32f1x0_gpio.o(i.gpio_port_write), (4 bytes).
    Removing gd32f1x0_i2c.o(.rev16_text), (4 bytes).
    Removing gd32f1x0_i2c.o(.revsh_text), (4 bytes).
    Removing gd32f1x0_i2c.o(i.i2c_disable), (10 bytes).
    Removing gd32f1x0_i2c.o(i.i2c_dma_enable), (16 bytes).
    Removing gd32f1x0_i2c.o(i.i2c_dma_last_transfer_enable), (16 bytes).
    Removing gd32f1x0_i2c.o(i.i2c_dualaddr_enable), (24 bytes).
    Removing gd32f1x0_i2c.o(i.i2c_interrupt_disable), (8 bytes).
    Removing gd32f1x0_i2c.o(i.i2c_interrupt_enable), (8 bytes).
    Removing gd32f1x0_i2c.o(i.i2c_interrupt_flag_clear), (18 bytes).
    Removing gd32f1x0_i2c.o(i.i2c_interrupt_flag_get), (94 bytes).
    Removing gd32f1x0_i2c.o(i.i2c_mode_addr_config), (24 bytes).
    Removing gd32f1x0_i2c.o(i.i2c_pec_enable), (16 bytes).
    Removing gd32f1x0_i2c.o(i.i2c_pec_transfer_enable), (16 bytes).
    Removing gd32f1x0_i2c.o(i.i2c_pec_value_get), (10 bytes).
    Removing gd32f1x0_i2c.o(i.i2c_slave_response_to_gcall_config), (16 bytes).
    Removing gd32f1x0_i2c.o(i.i2c_smbus_arp_enable), (16 bytes).
    Removing gd32f1x0_i2c.o(i.i2c_smbus_issue_alert), (16 bytes).
    Removing gd32f1x0_i2c.o(i.i2c_smbus_type_config), (24 bytes).
    Removing gd32f1x0_i2c.o(i.i2c_software_reset_config), (16 bytes).
    Removing gd32f1x0_i2c.o(i.i2c_stretch_scl_low_config), (16 bytes).
    Removing gd32f1x0_misc.o(.rev16_text), (4 bytes).
    Removing gd32f1x0_misc.o(.revsh_text), (4 bytes).
    Removing gd32f1x0_misc.o(i.nvic_irq_disable), (24 bytes).
    Removing gd32f1x0_misc.o(i.nvic_priority_group_set), (20 bytes).
    Removing gd32f1x0_misc.o(i.nvic_vector_table_set), (20 bytes).
    Removing gd32f1x0_misc.o(i.system_lowpower_reset), (16 bytes).
    Removing gd32f1x0_misc.o(i.system_lowpower_set), (16 bytes).
    Removing gd32f1x0_misc.o(i.systick_clksource_set), (40 bytes).
    Removing gd32f1x0_pmu.o(.rev16_text), (4 bytes).
    Removing gd32f1x0_pmu.o(.revsh_text), (4 bytes).
    Removing gd32f1x0_pmu.o(i.pmu_backup_write_disable), (20 bytes).
    Removing gd32f1x0_pmu.o(i.pmu_backup_write_enable), (20 bytes).
    Removing gd32f1x0_pmu.o(i.pmu_deinit), (20 bytes).
    Removing gd32f1x0_pmu.o(i.pmu_flag_clear), (48 bytes).
    Removing gd32f1x0_pmu.o(i.pmu_flag_get), (24 bytes).
    Removing gd32f1x0_pmu.o(i.pmu_lvd_disable), (20 bytes).
    Removing gd32f1x0_pmu.o(i.pmu_lvd_select), (48 bytes).
    Removing gd32f1x0_pmu.o(i.pmu_to_deepsleepmode), (196 bytes).
    Removing gd32f1x0_pmu.o(i.pmu_to_sleepmode), (28 bytes).
    Removing gd32f1x0_pmu.o(i.pmu_to_standbymode), (52 bytes).
    Removing gd32f1x0_pmu.o(i.pmu_wakeup_pin_disable), (16 bytes).
    Removing gd32f1x0_pmu.o(i.pmu_wakeup_pin_enable), (16 bytes).
    Removing gd32f1x0_pmu.o(.bss), (16 bytes).
    Removing gd32f1x0_rcu.o(.rev16_text), (4 bytes).
    Removing gd32f1x0_rcu.o(.revsh_text), (4 bytes).
    Removing gd32f1x0_rcu.o(i.rcu_adc_clock_config), (152 bytes).
    Removing gd32f1x0_rcu.o(i.rcu_all_reset_flag_clear), (20 bytes).
    Removing gd32f1x0_rcu.o(i.rcu_apb1_clock_config), (28 bytes).
    Removing gd32f1x0_rcu.o(i.rcu_apb2_clock_config), (28 bytes).
    Removing gd32f1x0_rcu.o(i.rcu_bkp_reset_disable), (20 bytes).
    Removing gd32f1x0_rcu.o(i.rcu_bkp_reset_enable), (20 bytes).
    Removing gd32f1x0_rcu.o(i.rcu_cec_clock_config), (28 bytes).
    Removing gd32f1x0_rcu.o(i.rcu_ckout_config), (28 bytes).
    Removing gd32f1x0_rcu.o(i.rcu_deepsleep_voltage_set), (36 bytes).
    Removing gd32f1x0_rcu.o(i.rcu_deinit), (128 bytes).
    Removing gd32f1x0_rcu.o(i.rcu_flag_get), (36 bytes).
    Removing gd32f1x0_rcu.o(i.rcu_hxtal_clock_monitor_disable), (20 bytes).
    Removing gd32f1x0_rcu.o(i.rcu_hxtal_clock_monitor_enable), (20 bytes).
    Removing gd32f1x0_rcu.o(i.rcu_hxtal_prediv_config), (24 bytes).
    Removing gd32f1x0_rcu.o(i.rcu_interrupt_disable), (16 bytes).
    Removing gd32f1x0_rcu.o(i.rcu_interrupt_enable), (16 bytes).
    Removing gd32f1x0_rcu.o(i.rcu_interrupt_flag_clear), (16 bytes).
    Removing gd32f1x0_rcu.o(i.rcu_interrupt_flag_get), (24 bytes).
    Removing gd32f1x0_rcu.o(i.rcu_irc14m_adjust_value_set), (24 bytes).
    Removing gd32f1x0_rcu.o(i.rcu_irc8m_adjust_value_set), (24 bytes).
    Removing gd32f1x0_rcu.o(i.rcu_lxtal_drive_capability_config), (28 bytes).
    Removing gd32f1x0_rcu.o(i.rcu_osci_bypass_mode_disable), (100 bytes).
    Removing gd32f1x0_rcu.o(i.rcu_osci_bypass_mode_enable), (100 bytes).
    Removing gd32f1x0_rcu.o(i.rcu_osci_off), (32 bytes).
    Removing gd32f1x0_rcu.o(i.rcu_osci_on), (32 bytes).
    Removing gd32f1x0_rcu.o(i.rcu_osci_stab_wait), (268 bytes).
    Removing gd32f1x0_rcu.o(i.rcu_periph_clock_disable), (32 bytes).
    Removing gd32f1x0_rcu.o(i.rcu_periph_clock_sleep_disable), (32 bytes).
    Removing gd32f1x0_rcu.o(i.rcu_periph_clock_sleep_enable), (32 bytes).
    Removing gd32f1x0_rcu.o(i.rcu_pll_config), (36 bytes).
    Removing gd32f1x0_rcu.o(i.rcu_power_down_voltage_set), (36 bytes).
    Removing gd32f1x0_rcu.o(i.rcu_rtc_clock_config), (28 bytes).
    Removing gd32f1x0_rcu.o(i.rcu_system_clock_source_config), (28 bytes).
    Removing gd32f1x0_rcu.o(i.rcu_system_clock_source_get), (16 bytes).
    Removing gd32f1x0_rcu.o(i.rcu_usart_clock_config), (28 bytes).
    Removing gd32f1x0_rcu.o(i.rcu_usbd_clock_config), (28 bytes).
    Removing gd32f1x0_rcu.o(i.rcu_voltage_key_unlock), (40 bytes).
    Removing gd32f1x0_rtc.o(.rev16_text), (4 bytes).
    Removing gd32f1x0_rtc.o(.revsh_text), (4 bytes).
    Removing gd32f1x0_rtc.o(i.rtc_alarm_config), (84 bytes).
    Removing gd32f1x0_rtc.o(i.rtc_alarm_disable), (80 bytes).
    Removing gd32f1x0_rtc.o(i.rtc_alarm_enable), (40 bytes).
    Removing gd32f1x0_rtc.o(i.rtc_alarm_get), (56 bytes).
    Removing gd32f1x0_rtc.o(i.rtc_alarm_subsecond_config), (32 bytes).
    Removing gd32f1x0_rtc.o(i.rtc_alarm_subsecond_get), (16 bytes).
    Removing gd32f1x0_rtc.o(i.rtc_alter_output_config), (76 bytes).
    Removing gd32f1x0_rtc.o(i.rtc_bypass_shadow_disable), (40 bytes).
    Removing gd32f1x0_rtc.o(i.rtc_bypass_shadow_enable), (40 bytes).
    Removing gd32f1x0_rtc.o(i.rtc_calibration_config), (76 bytes).
    Removing gd32f1x0_rtc.o(i.rtc_current_time_get), (100 bytes).
    Removing gd32f1x0_rtc.o(i.rtc_deinit), (128 bytes).
    Removing gd32f1x0_rtc.o(i.rtc_flag_clear), (16 bytes).
    Removing gd32f1x0_rtc.o(i.rtc_flag_get), (20 bytes).
    Removing gd32f1x0_rtc.o(i.rtc_hour_adjust), (36 bytes).
    Removing gd32f1x0_rtc.o(i.rtc_init), (196 bytes).
    Removing gd32f1x0_rtc.o(i.rtc_init_mode_enter), (68 bytes).
    Removing gd32f1x0_rtc.o(i.rtc_init_mode_exit), (20 bytes).
    Removing gd32f1x0_rtc.o(i.rtc_interrupt_disable), (60 bytes).
    Removing gd32f1x0_rtc.o(i.rtc_interrupt_enable), (60 bytes).
    Removing gd32f1x0_rtc.o(i.rtc_refclock_detection_disable), (56 bytes).
    Removing gd32f1x0_rtc.o(i.rtc_refclock_detection_enable), (56 bytes).
    Removing gd32f1x0_rtc.o(i.rtc_register_sync_wait), (96 bytes).
    Removing gd32f1x0_rtc.o(i.rtc_second_ajust), (108 bytes).
    Removing gd32f1x0_rtc.o(i.rtc_subsecond_get), (20 bytes).
    Removing gd32f1x0_rtc.o(i.rtc_tamper_disable), (16 bytes).
    Removing gd32f1x0_rtc.o(i.rtc_tamper_enable), (164 bytes).
    Removing gd32f1x0_rtc.o(i.rtc_timestamp_disable), (40 bytes).
    Removing gd32f1x0_rtc.o(i.rtc_timestamp_enable), (48 bytes).
    Removing gd32f1x0_rtc.o(i.rtc_timestamp_get), (60 bytes).
    Removing gd32f1x0_rtc.o(i.rtc_timestamp_subsecond_get), (12 bytes).
    Removing gd32f1x0_spi.o(.rev16_text), (4 bytes).
    Removing gd32f1x0_spi.o(.revsh_text), (4 bytes).
    Removing gd32f1x0_spi.o(i.i2s_disable), (10 bytes).
    Removing gd32f1x0_spi.o(i.i2s_enable), (10 bytes).
    Removing gd32f1x0_spi.o(i.i2s_init), (28 bytes).
    Removing gd32f1x0_spi.o(i.i2s_psc_config), (164 bytes).
    Removing gd32f1x0_spi.o(i.spi_bidirectional_transfer_config), (26 bytes).
    Removing gd32f1x0_spi.o(i.spi_crc_error_clear), (10 bytes).
    Removing gd32f1x0_spi.o(i.spi_crc_get), (16 bytes).
    Removing gd32f1x0_spi.o(i.spi_crc_next), (10 bytes).
    Removing gd32f1x0_spi.o(i.spi_crc_off), (10 bytes).
    Removing gd32f1x0_spi.o(i.spi_crc_on), (10 bytes).
    Removing gd32f1x0_spi.o(i.spi_crc_polynomial_get), (8 bytes).
    Removing gd32f1x0_spi.o(i.spi_crc_polynomial_set), (4 bytes).
    Removing gd32f1x0_spi.o(i.spi_disable), (10 bytes).
    Removing gd32f1x0_spi.o(i.spi_dma_disable), (22 bytes).
    Removing gd32f1x0_spi.o(i.spi_dma_enable), (22 bytes).
    Removing gd32f1x0_spi.o(i.spi_enable), (10 bytes).
    Removing gd32f1x0_spi.o(i.spi_i2s_data_frame_format_config), (16 bytes).
    Removing gd32f1x0_spi.o(i.spi_i2s_data_receive), (8 bytes).
    Removing gd32f1x0_spi.o(i.spi_i2s_data_transmit), (4 bytes).
    Removing gd32f1x0_spi.o(i.spi_i2s_deinit), (88 bytes).
    Removing gd32f1x0_spi.o(i.spi_i2s_flag_get), (16 bytes).
    Removing gd32f1x0_spi.o(i.spi_i2s_interrupt_disable), (48 bytes).
    Removing gd32f1x0_spi.o(i.spi_i2s_interrupt_enable), (48 bytes).
    Removing gd32f1x0_spi.o(i.spi_i2s_interrupt_flag_get), (100 bytes).
    Removing gd32f1x0_spi.o(i.spi_init), (50 bytes).
    Removing gd32f1x0_spi.o(i.spi_nss_internal_high), (10 bytes).
    Removing gd32f1x0_spi.o(i.spi_nss_internal_low), (10 bytes).
    Removing gd32f1x0_spi.o(i.spi_nss_output_disable), (10 bytes).
    Removing gd32f1x0_spi.o(i.spi_nss_output_enable), (10 bytes).
    Removing gd32f1x0_syscfg.o(.rev16_text), (4 bytes).
    Removing gd32f1x0_syscfg.o(.revsh_text), (4 bytes).
    Removing gd32f1x0_syscfg.o(i.syscfg_deinit), (20 bytes).
    Removing gd32f1x0_syscfg.o(i.syscfg_dma_remap_disable), (16 bytes).
    Removing gd32f1x0_syscfg.o(i.syscfg_dma_remap_enable), (16 bytes).
    Removing gd32f1x0_syscfg.o(i.syscfg_exti_line_config), (160 bytes).
    Removing gd32f1x0_syscfg.o(i.syscfg_flag_clear), (16 bytes).
    Removing gd32f1x0_syscfg.o(i.syscfg_flag_get), (24 bytes).
    Removing gd32f1x0_syscfg.o(i.syscfg_high_current_disable), (20 bytes).
    Removing gd32f1x0_syscfg.o(i.syscfg_high_current_enable), (20 bytes).
    Removing gd32f1x0_syscfg.o(i.syscfg_lock_config), (16 bytes).
    Removing gd32f1x0_timer.o(.rev16_text), (4 bytes).
    Removing gd32f1x0_timer.o(.revsh_text), (4 bytes).
    Removing gd32f1x0_timer.o(i.timer_auto_reload_shadow_disable), (10 bytes).
    Removing gd32f1x0_timer.o(i.timer_auto_reload_shadow_enable), (10 bytes).
    Removing gd32f1x0_timer.o(i.timer_automatic_output_disable), (8 bytes).
    Removing gd32f1x0_timer.o(i.timer_automatic_output_enable), (10 bytes).
    Removing gd32f1x0_timer.o(i.timer_autoreload_value_config), (4 bytes).
    Removing gd32f1x0_timer.o(i.timer_break_config), (30 bytes).
    Removing gd32f1x0_timer.o(i.timer_break_disable), (8 bytes).
    Removing gd32f1x0_timer.o(i.timer_break_enable), (10 bytes).
    Removing gd32f1x0_timer.o(i.timer_channel_capture_value_register_read), (42 bytes).
    Removing gd32f1x0_timer.o(i.timer_channel_complementary_output_polarity_config), (70 bytes).
    Removing gd32f1x0_timer.o(i.timer_channel_complementary_output_state_config), (70 bytes).
    Removing gd32f1x0_timer.o(i.timer_channel_control_shadow_config), (22 bytes).
    Removing gd32f1x0_timer.o(i.timer_channel_control_shadow_update_config), (26 bytes).
    Removing gd32f1x0_timer.o(i.timer_channel_dma_request_source_select), (26 bytes).
    Removing gd32f1x0_timer.o(i.timer_channel_input_capture_prescaler_config), (90 bytes).
    Removing gd32f1x0_timer.o(i.timer_channel_output_clear_config), (90 bytes).
    Removing gd32f1x0_timer.o(i.timer_channel_output_config), (460 bytes).
    Removing gd32f1x0_timer.o(i.timer_channel_output_fast_config), (90 bytes).
    Removing gd32f1x0_timer.o(i.timer_channel_output_mode_config), (90 bytes).
    Removing gd32f1x0_timer.o(i.timer_channel_output_polarity_config), (92 bytes).
    Removing gd32f1x0_timer.o(i.timer_channel_output_pulse_value_config), (38 bytes).
    Removing gd32f1x0_timer.o(i.timer_channel_output_shadow_config), (90 bytes).
    Removing gd32f1x0_timer.o(i.timer_channel_output_state_config), (92 bytes).
    Removing gd32f1x0_timer.o(i.timer_channel_remap_config), (6 bytes).
    Removing gd32f1x0_timer.o(i.timer_counter_alignment), (16 bytes).
    Removing gd32f1x0_timer.o(i.timer_counter_down_direction), (18 bytes).
    Removing gd32f1x0_timer.o(i.timer_counter_read), (8 bytes).
    Removing gd32f1x0_timer.o(i.timer_counter_up_direction), (14 bytes).
    Removing gd32f1x0_timer.o(i.timer_counter_value_config), (4 bytes).
    Removing gd32f1x0_timer.o(i.timer_deinit), (220 bytes).
    Removing gd32f1x0_timer.o(i.timer_disable), (10 bytes).
    Removing gd32f1x0_timer.o(i.timer_dma_disable), (8 bytes).
    Removing gd32f1x0_timer.o(i.timer_dma_enable), (8 bytes).
    Removing gd32f1x0_timer.o(i.timer_dma_transfer_config), (24 bytes).
    Removing gd32f1x0_timer.o(i.timer_enable), (10 bytes).
    Removing gd32f1x0_timer.o(i.timer_event_software_generate), (8 bytes).
    Removing gd32f1x0_timer.o(i.timer_external_clock_mode0_config), (56 bytes).
    Removing gd32f1x0_timer.o(i.timer_external_clock_mode1_config), (32 bytes).
    Removing gd32f1x0_timer.o(i.timer_external_clock_mode1_disable), (10 bytes).
    Removing gd32f1x0_timer.o(i.timer_external_trigger_as_external_clock_config), (164 bytes).
    Removing gd32f1x0_timer.o(i.timer_external_trigger_config), (30 bytes).
    Removing gd32f1x0_timer.o(i.timer_flag_clear), (8 bytes).
    Removing gd32f1x0_timer.o(i.timer_flag_get), (18 bytes).
    Removing gd32f1x0_timer.o(i.timer_hall_mode_config), (26 bytes).
    Removing gd32f1x0_timer.o(i.timer_init), (148 bytes).
    Removing gd32f1x0_timer.o(i.timer_input_capture_config), (326 bytes).
    Removing gd32f1x0_timer.o(i.timer_input_pwm_capture_config), (352 bytes).
    Removing gd32f1x0_timer.o(i.timer_input_trigger_source_select), (16 bytes).
    Removing gd32f1x0_timer.o(i.timer_internal_clock_config), (8 bytes).
    Removing gd32f1x0_timer.o(i.timer_internal_trigger_as_external_clock_config), (32 bytes).
    Removing gd32f1x0_timer.o(i.timer_interrupt_disable), (8 bytes).
    Removing gd32f1x0_timer.o(i.timer_interrupt_enable), (8 bytes).
    Removing gd32f1x0_timer.o(i.timer_interrupt_flag_clear), (8 bytes).
    Removing gd32f1x0_timer.o(i.timer_interrupt_flag_get), (32 bytes).
    Removing gd32f1x0_timer.o(i.timer_master_output_trigger_source_select), (16 bytes).
    Removing gd32f1x0_timer.o(i.timer_master_slave_mode_config), (26 bytes).
    Removing gd32f1x0_timer.o(i.timer_ocpre_clear_source_config), (26 bytes).
    Removing gd32f1x0_timer.o(i.timer_prescaler_config), (14 bytes).
    Removing gd32f1x0_timer.o(i.timer_prescaler_read), (10 bytes).
    Removing gd32f1x0_timer.o(i.timer_primary_output_config), (22 bytes).
    Removing gd32f1x0_timer.o(i.timer_quadrature_decoder_mode_config), (64 bytes).
    Removing gd32f1x0_timer.o(i.timer_repetition_value_config), (4 bytes).
    Removing gd32f1x0_timer.o(i.timer_single_pulse_mode_config), (26 bytes).
    Removing gd32f1x0_timer.o(i.timer_slave_mode_select), (16 bytes).
    Removing gd32f1x0_timer.o(i.timer_update_event_disable), (10 bytes).
    Removing gd32f1x0_timer.o(i.timer_update_event_enable), (10 bytes).
    Removing gd32f1x0_timer.o(i.timer_update_source_config), (26 bytes).
    Removing gd32f1x0_tsi.o(.rev16_text), (4 bytes).
    Removing gd32f1x0_tsi.o(.revsh_text), (4 bytes).
    Removing gd32f1x0_tsi.o(i.tsi_analog_off), (16 bytes).
    Removing gd32f1x0_tsi.o(i.tsi_analog_on), (16 bytes).
    Removing gd32f1x0_tsi.o(i.tsi_channel_pin_disable), (16 bytes).
    Removing gd32f1x0_tsi.o(i.tsi_channel_pin_enable), (16 bytes).
    Removing gd32f1x0_tsi.o(i.tsi_deinit), (20 bytes).
    Removing gd32f1x0_tsi.o(i.tsi_disable), (20 bytes).
    Removing gd32f1x0_tsi.o(i.tsi_enable), (20 bytes).
    Removing gd32f1x0_tsi.o(i.tsi_extend_charge_config), (100 bytes).
    Removing gd32f1x0_tsi.o(i.tsi_group0_cycle_get), (12 bytes).
    Removing gd32f1x0_tsi.o(i.tsi_group1_cycle_get), (12 bytes).
    Removing gd32f1x0_tsi.o(i.tsi_group2_cycle_get), (12 bytes).
    Removing gd32f1x0_tsi.o(i.tsi_group3_cycle_get), (12 bytes).
    Removing gd32f1x0_tsi.o(i.tsi_group4_cycle_get), (12 bytes).
    Removing gd32f1x0_tsi.o(i.tsi_group5_cycle_get), (12 bytes).
    Removing gd32f1x0_tsi.o(i.tsi_group_disable), (16 bytes).
    Removing gd32f1x0_tsi.o(i.tsi_group_enable), (16 bytes).
    Removing gd32f1x0_tsi.o(i.tsi_group_status_get), (24 bytes).
    Removing gd32f1x0_tsi.o(i.tsi_hardware_mode_config), (56 bytes).
    Removing gd32f1x0_tsi.o(i.tsi_hysteresis_off), (16 bytes).
    Removing gd32f1x0_tsi.o(i.tsi_hysteresis_on), (16 bytes).
    Removing gd32f1x0_tsi.o(i.tsi_init), (48 bytes).
    Removing gd32f1x0_tsi.o(i.tsi_interrupt_disable), (16 bytes).
    Removing gd32f1x0_tsi.o(i.tsi_interrupt_enable), (16 bytes).
    Removing gd32f1x0_tsi.o(i.tsi_interrupt_flag_clear), (16 bytes).
    Removing gd32f1x0_tsi.o(i.tsi_interrupt_flag_get), (24 bytes).
    Removing gd32f1x0_tsi.o(i.tsi_max_number_config), (32 bytes).
    Removing gd32f1x0_tsi.o(i.tsi_pin_mode_config), (44 bytes).
    Removing gd32f1x0_tsi.o(i.tsi_plus_config), (48 bytes).
    Removing gd32f1x0_tsi.o(i.tsi_sample_pin_disable), (28 bytes).
    Removing gd32f1x0_tsi.o(i.tsi_sample_pin_enable), (28 bytes).
    Removing gd32f1x0_tsi.o(i.tsi_sofeware_mode_config), (28 bytes).
    Removing gd32f1x0_tsi.o(i.tsi_software_start), (20 bytes).
    Removing gd32f1x0_tsi.o(i.tsi_software_stop), (20 bytes).
    Removing gd32f1x0_usart.o(.rev16_text), (4 bytes).
    Removing gd32f1x0_usart.o(.revsh_text), (4 bytes).
    Removing gd32f1x0_usart.o(i.usart_address_config), (32 bytes).
    Removing gd32f1x0_usart.o(i.usart_address_detection_mode_config), (28 bytes).
    Removing gd32f1x0_usart.o(i.usart_autobaud_detection_disable), (10 bytes).
    Removing gd32f1x0_usart.o(i.usart_autobaud_detection_enable), (10 bytes).
    Removing gd32f1x0_usart.o(i.usart_autobaud_detection_mode_config), (16 bytes).
    Removing gd32f1x0_usart.o(i.usart_block_length_config), (24 bytes).
    Removing gd32f1x0_usart.o(i.usart_clock_disable), (18 bytes).
    Removing gd32f1x0_usart.o(i.usart_clock_enable), (18 bytes).
    Removing gd32f1x0_usart.o(i.usart_command_enable), (8 bytes).
    Removing gd32f1x0_usart.o(i.usart_data_first_config), (28 bytes).
    Removing gd32f1x0_usart.o(i.usart_depolarity_config), (28 bytes).
    Removing gd32f1x0_usart.o(i.usart_disable), (10 bytes).
    Removing gd32f1x0_usart.o(i.usart_dma_receive_config), (16 bytes).
    Removing gd32f1x0_usart.o(i.usart_dma_transmit_config), (16 bytes).
    Removing gd32f1x0_usart.o(i.usart_driver_assertime_config), (32 bytes).
    Removing gd32f1x0_usart.o(i.usart_driver_deassertime_config), (32 bytes).
    Removing gd32f1x0_usart.o(i.usart_flag_clear), (18 bytes).
    Removing gd32f1x0_usart.o(i.usart_guard_time_config), (32 bytes).
    Removing gd32f1x0_usart.o(i.usart_halfduplex_disable), (18 bytes).
    Removing gd32f1x0_usart.o(i.usart_halfduplex_enable), (18 bytes).
    Removing gd32f1x0_usart.o(i.usart_hardware_flow_cts_config), (24 bytes).
    Removing gd32f1x0_usart.o(i.usart_hardware_flow_rts_config), (24 bytes).
    Removing gd32f1x0_usart.o(i.usart_interrupt_flag_clear), (18 bytes).
    Removing gd32f1x0_usart.o(i.usart_invert_config), (110 bytes).
    Removing gd32f1x0_usart.o(i.usart_irda_lowpower_config), (20 bytes).
    Removing gd32f1x0_usart.o(i.usart_irda_mode_disable), (18 bytes).
    Removing gd32f1x0_usart.o(i.usart_irda_mode_enable), (18 bytes).
    Removing gd32f1x0_usart.o(i.usart_lin_break_dection_length_config), (20 bytes).
    Removing gd32f1x0_usart.o(i.usart_lin_mode_disable), (18 bytes).
    Removing gd32f1x0_usart.o(i.usart_lin_mode_enable), (18 bytes).
    Removing gd32f1x0_usart.o(i.usart_mute_mode_disable), (10 bytes).
    Removing gd32f1x0_usart.o(i.usart_mute_mode_enable), (10 bytes).
    Removing gd32f1x0_usart.o(i.usart_mute_mode_wakeup_config), (24 bytes).
    Removing gd32f1x0_usart.o(i.usart_overrun_disable), (18 bytes).
    Removing gd32f1x0_usart.o(i.usart_overrun_enable), (18 bytes).
    Removing gd32f1x0_usart.o(i.usart_oversample_config), (24 bytes).
    Removing gd32f1x0_usart.o(i.usart_parity_config), (24 bytes).
    Removing gd32f1x0_usart.o(i.usart_prescaler_config), (24 bytes).
    Removing gd32f1x0_usart.o(i.usart_receiver_timeout_config), (16 bytes).
    Removing gd32f1x0_usart.o(i.usart_receiver_timeout_disable), (10 bytes).
    Removing gd32f1x0_usart.o(i.usart_receiver_timeout_enable), (10 bytes).
    Removing gd32f1x0_usart.o(i.usart_reception_error_dma_disable), (18 bytes).
    Removing gd32f1x0_usart.o(i.usart_reception_error_dma_enable), (18 bytes).
    Removing gd32f1x0_usart.o(i.usart_rs485_driver_disable), (18 bytes).
    Removing gd32f1x0_usart.o(i.usart_rs485_driver_enable), (18 bytes).
    Removing gd32f1x0_usart.o(i.usart_sample_bit_config), (24 bytes).
    Removing gd32f1x0_usart.o(i.usart_smartcard_autoretry_config), (32 bytes).
    Removing gd32f1x0_usart.o(i.usart_smartcard_mode_disable), (18 bytes).
    Removing gd32f1x0_usart.o(i.usart_smartcard_mode_enable), (18 bytes).
    Removing gd32f1x0_usart.o(i.usart_smartcard_mode_nack_disable), (18 bytes).
    Removing gd32f1x0_usart.o(i.usart_smartcard_mode_nack_enable), (18 bytes).
    Removing gd32f1x0_usart.o(i.usart_stop_bit_set), (24 bytes).
    Removing gd32f1x0_usart.o(i.usart_synchronous_clock_config), (50 bytes).
    Removing gd32f1x0_usart.o(i.usart_wakeup_disable), (10 bytes).
    Removing gd32f1x0_usart.o(i.usart_wakeup_enable), (10 bytes).
    Removing gd32f1x0_usart.o(i.usart_wakeup_mode_config), (28 bytes).
    Removing gd32f1x0_usart.o(i.usart_word_length_set), (24 bytes).
    Removing gd32f1x0_wwdgt.o(.rev16_text), (4 bytes).
    Removing gd32f1x0_wwdgt.o(.revsh_text), (4 bytes).
    Removing gd32f1x0_wwdgt.o(i.wwdgt_config), (56 bytes).
    Removing gd32f1x0_wwdgt.o(i.wwdgt_counter_update), (28 bytes).
    Removing gd32f1x0_wwdgt.o(i.wwdgt_deinit), (20 bytes).
    Removing gd32f1x0_wwdgt.o(i.wwdgt_enable), (20 bytes).
    Removing gd32f1x0_wwdgt.o(i.wwdgt_flag_clear), (20 bytes).
    Removing gd32f1x0_wwdgt.o(i.wwdgt_flag_get), (24 bytes).
    Removing gd32f1x0_wwdgt.o(i.wwdgt_interrupt_enable), (20 bytes).
    Removing main.o(.rev16_text), (4 bytes).
    Removing main.o(.revsh_text), (4 bytes).
    Removing main.o(i.delay_us), (14 bytes).
    Removing systick.o(.rev16_text), (4 bytes).
    Removing systick.o(.revsh_text), (4 bytes).
    Removing systick.o(i.NVIC_SetPriority), (40 bytes).
    Removing systick.o(i.delay_1ms), (20 bytes).
    Removing systick.o(i.delay_decrement), (24 bytes).
    Removing systick.o(i.systick_config), (80 bytes).
    Removing systick.o(.data), (4 bytes).
    Removing gd32f1x0_it.o(.rev16_text), (4 bytes).
    Removing gd32f1x0_it.o(.revsh_text), (4 bytes).
    Removing tool.o(.rev16_text), (4 bytes).
    Removing tool.o(.revsh_text), (4 bytes).
    Removing tool.o(i.Delay), (14 bytes).
    Removing tool.o(i.crc8), (54 bytes).
    Removing tool.o(i.i2c_scan), (256 bytes).
    Removing dadd.o(.text), (334 bytes).
    Removing dmul.o(.text), (228 bytes).
    Removing ddiv.o(.text), (222 bytes).
    Removing dfixul.o(.text), (48 bytes).
    Removing cdrcmple.o(.text), (48 bytes).
    Removing depilogue.o(.text), (186 bytes).

560 unused section(s) (total 21286 bytes) removed from the image.

==============================================================================

Image Symbol Table

    Local Symbols

    Symbol Name                              Value     Ov Type        Size  Object(Section)

    ../clib/microlib/division.c              0x00000000   Number         0  uldiv.o ABSOLUTE
    ../clib/microlib/division.c              0x00000000   Number         0  uidiv.o ABSOLUTE
    ../clib/microlib/init/entry.s            0x00000000   Number         0  entry2.o ABSOLUTE
    ../clib/microlib/init/entry.s            0x00000000   Number         0  entry5.o ABSOLUTE
    ../clib/microlib/init/entry.s            0x00000000   Number         0  entry.o ABSOLUTE
    ../clib/microlib/init/entry.s            0x00000000   Number         0  entry10b.o ABSOLUTE
    ../clib/microlib/init/entry.s            0x00000000   Number         0  entry7a.o ABSOLUTE
    ../clib/microlib/init/entry.s            0x00000000   Number         0  entry7b.o ABSOLUTE
    ../clib/microlib/init/entry.s            0x00000000   Number         0  entry8a.o ABSOLUTE
    ../clib/microlib/init/entry.s            0x00000000   Number         0  entry8b.o ABSOLUTE
    ../clib/microlib/init/entry.s            0x00000000   Number         0  entry9a.o ABSOLUTE
    ../clib/microlib/init/entry.s            0x00000000   Number         0  entry9b.o ABSOLUTE
    ../clib/microlib/init/entry.s            0x00000000   Number         0  entry10a.o ABSOLUTE
    ../clib/microlib/init/entry.s            0x00000000   Number         0  entry11b.o ABSOLUTE
    ../clib/microlib/init/entry.s            0x00000000   Number         0  entry11a.o ABSOLUTE
    ../clib/microlib/longlong.c              0x00000000   Number         0  llsshr.o ABSOLUTE
    ../clib/microlib/longlong.c              0x00000000   Number         0  llushr.o ABSOLUTE
    ../clib/microlib/longlong.c              0x00000000   Number         0  llshl.o ABSOLUTE
    ../clib/microlib/printf/printf.c         0x00000000   Number         0  printfb.o ABSOLUTE
    ../clib/microlib/printf/printf.c         0x00000000   Number         0  printf0.o ABSOLUTE
    ../clib/microlib/printf/printf.c         0x00000000   Number         0  printf1.o ABSOLUTE
    ../clib/microlib/printf/printf.c         0x00000000   Number         0  printf2.o ABSOLUTE
    ../clib/microlib/printf/printf.c         0x00000000   Number         0  printf3.o ABSOLUTE
    ../clib/microlib/printf/printf.c         0x00000000   Number         0  printf4.o ABSOLUTE
    ../clib/microlib/printf/printf.c         0x00000000   Number         0  printf5.o ABSOLUTE
    ../clib/microlib/printf/printf.c         0x00000000   Number         0  printf6.o ABSOLUTE
    ../clib/microlib/printf/printf.c         0x00000000   Number         0  printf8.o ABSOLUTE
    ../clib/microlib/printf/printf.c         0x00000000   Number         0  printf7.o ABSOLUTE
    ../clib/microlib/printf/printf.c         0x00000000   Number         0  printfa.o ABSOLUTE
    ../clib/microlib/printf/stubs.s          0x00000000   Number         0  stubs.o ABSOLUTE
    ../clib/microlib/stdio/streams.c         0x00000000   Number         0  stdout.o ABSOLUTE
    ../clib/microlib/string/memcpy.c         0x00000000   Number         0  memcpya.o ABSOLUTE
    ../clib/microlib/string/memcpy.c         0x00000000   Number         0  memcpyb.o ABSOLUTE
    ../clib/microlib/string/memcpy.c         0x00000000   Number         0  memmoveb.o ABSOLUTE
    ../clib/microlib/string/memcpy.c         0x00000000   Number         0  memmovea.o ABSOLUTE
    ../clib/microlib/stubs.s                 0x00000000   Number         0  iusefp.o ABSOLUTE
    ../fplib/microlib/fpadd.c                0x00000000   Number         0  dadd.o ABSOLUTE
    ../fplib/microlib/fpdiv.c                0x00000000   Number         0  ddiv.o ABSOLUTE
    ../fplib/microlib/fpepilogue.c           0x00000000   Number         0  depilogue.o ABSOLUTE
    ../fplib/microlib/fpfix.c                0x00000000   Number         0  dfixul.o ABSOLUTE
    ../fplib/microlib/fpmul.c                0x00000000   Number         0  dmul.o ABSOLUTE
    ..\CMSIS\system_gd32f1x0.c               0x00000000   Number         0  system_gd32f1x0.o ABSOLUTE
    ..\Library\Source\gd32f1x0_adc.c         0x00000000   Number         0  gd32f1x0_adc.o ABSOLUTE
    ..\Library\Source\gd32f1x0_can.c         0x00000000   Number         0  gd32f1x0_can.o ABSOLUTE
    ..\Library\Source\gd32f1x0_cec.c         0x00000000   Number         0  gd32f1x0_cec.o ABSOLUTE
    ..\Library\Source\gd32f1x0_cmp.c         0x00000000   Number         0  gd32f1x0_cmp.o ABSOLUTE
    ..\Library\Source\gd32f1x0_crc.c         0x00000000   Number         0  gd32f1x0_crc.o ABSOLUTE
    ..\Library\Source\gd32f1x0_dac.c         0x00000000   Number         0  gd32f1x0_dac.o ABSOLUTE
    ..\Library\Source\gd32f1x0_dbg.c         0x00000000   Number         0  gd32f1x0_dbg.o ABSOLUTE
    ..\Library\Source\gd32f1x0_dma.c         0x00000000   Number         0  gd32f1x0_dma.o ABSOLUTE
    ..\Library\Source\gd32f1x0_exti.c        0x00000000   Number         0  gd32f1x0_exti.o ABSOLUTE
    ..\Library\Source\gd32f1x0_fmc.c         0x00000000   Number         0  gd32f1x0_fmc.o ABSOLUTE
    ..\Library\Source\gd32f1x0_fwdgt.c       0x00000000   Number         0  gd32f1x0_fwdgt.o ABSOLUTE
    ..\Library\Source\gd32f1x0_gpio.c        0x00000000   Number         0  gd32f1x0_gpio.o ABSOLUTE
    ..\Library\Source\gd32f1x0_i2c.c         0x00000000   Number         0  gd32f1x0_i2c.o ABSOLUTE
    ..\Library\Source\gd32f1x0_ivref.c       0x00000000   Number         0  gd32f1x0_ivref.o ABSOLUTE
    ..\Library\Source\gd32f1x0_misc.c        0x00000000   Number         0  gd32f1x0_misc.o ABSOLUTE
    ..\Library\Source\gd32f1x0_opa.c         0x00000000   Number         0  gd32f1x0_opa.o ABSOLUTE
    ..\Library\Source\gd32f1x0_pmu.c         0x00000000   Number         0  gd32f1x0_pmu.o ABSOLUTE
    ..\Library\Source\gd32f1x0_rcu.c         0x00000000   Number         0  gd32f1x0_rcu.o ABSOLUTE
    ..\Library\Source\gd32f1x0_rtc.c         0x00000000   Number         0  gd32f1x0_rtc.o ABSOLUTE
    ..\Library\Source\gd32f1x0_slcd.c        0x00000000   Number         0  gd32f1x0_slcd.o ABSOLUTE
    ..\Library\Source\gd32f1x0_spi.c         0x00000000   Number         0  gd32f1x0_spi.o ABSOLUTE
    ..\Library\Source\gd32f1x0_syscfg.c      0x00000000   Number         0  gd32f1x0_syscfg.o ABSOLUTE
    ..\Library\Source\gd32f1x0_timer.c       0x00000000   Number         0  gd32f1x0_timer.o ABSOLUTE
    ..\Library\Source\gd32f1x0_tsi.c         0x00000000   Number         0  gd32f1x0_tsi.o ABSOLUTE
    ..\Library\Source\gd32f1x0_usart.c       0x00000000   Number         0  gd32f1x0_usart.o ABSOLUTE
    ..\Library\Source\gd32f1x0_wwdgt.c       0x00000000   Number         0  gd32f1x0_wwdgt.o ABSOLUTE
    ..\Startup\startup_gd32f1x0.s            0x00000000   Number         0  startup_gd32f1x0.o ABSOLUTE
    ..\User\gd32f1x0_it.c                    0x00000000   Number         0  gd32f1x0_it.o ABSOLUTE
    ..\User\main.c                           0x00000000   Number         0  main.o ABSOLUTE
    ..\User\systick.c                        0x00000000   Number         0  systick.o ABSOLUTE
    ..\User\tool.c                           0x00000000   Number         0  tool.o ABSOLUTE
    ..\\CMSIS\\system_gd32f1x0.c             0x00000000   Number         0  system_gd32f1x0.o ABSOLUTE
    ..\\Library\\Source\\gd32f1x0_adc.c      0x00000000   Number         0  gd32f1x0_adc.o ABSOLUTE
    ..\\Library\\Source\\gd32f1x0_cec.c      0x00000000   Number         0  gd32f1x0_cec.o ABSOLUTE
    ..\\Library\\Source\\gd32f1x0_cmp.c      0x00000000   Number         0  gd32f1x0_cmp.o ABSOLUTE
    ..\\Library\\Source\\gd32f1x0_crc.c      0x00000000   Number         0  gd32f1x0_crc.o ABSOLUTE
    ..\\Library\\Source\\gd32f1x0_dac.c      0x00000000   Number         0  gd32f1x0_dac.o ABSOLUTE
    ..\\Library\\Source\\gd32f1x0_dbg.c      0x00000000   Number         0  gd32f1x0_dbg.o ABSOLUTE
    ..\\Library\\Source\\gd32f1x0_dma.c      0x00000000   Number         0  gd32f1x0_dma.o ABSOLUTE
    ..\\Library\\Source\\gd32f1x0_exti.c     0x00000000   Number         0  gd32f1x0_exti.o ABSOLUTE
    ..\\Library\\Source\\gd32f1x0_fmc.c      0x00000000   Number         0  gd32f1x0_fmc.o ABSOLUTE
    ..\\Library\\Source\\gd32f1x0_fwdgt.c    0x00000000   Number         0  gd32f1x0_fwdgt.o ABSOLUTE
    ..\\Library\\Source\\gd32f1x0_gpio.c     0x00000000   Number         0  gd32f1x0_gpio.o ABSOLUTE
    ..\\Library\\Source\\gd32f1x0_i2c.c      0x00000000   Number         0  gd32f1x0_i2c.o ABSOLUTE
    ..\\Library\\Source\\gd32f1x0_misc.c     0x00000000   Number         0  gd32f1x0_misc.o ABSOLUTE
    ..\\Library\\Source\\gd32f1x0_pmu.c      0x00000000   Number         0  gd32f1x0_pmu.o ABSOLUTE
    ..\\Library\\Source\\gd32f1x0_rcu.c      0x00000000   Number         0  gd32f1x0_rcu.o ABSOLUTE
    ..\\Library\\Source\\gd32f1x0_rtc.c      0x00000000   Number         0  gd32f1x0_rtc.o ABSOLUTE
    ..\\Library\\Source\\gd32f1x0_spi.c      0x00000000   Number         0  gd32f1x0_spi.o ABSOLUTE
    ..\\Library\\Source\\gd32f1x0_syscfg.c   0x00000000   Number         0  gd32f1x0_syscfg.o ABSOLUTE
    ..\\Library\\Source\\gd32f1x0_timer.c    0x00000000   Number         0  gd32f1x0_timer.o ABSOLUTE
    ..\\Library\\Source\\gd32f1x0_tsi.c      0x00000000   Number         0  gd32f1x0_tsi.o ABSOLUTE
    ..\\Library\\Source\\gd32f1x0_usart.c    0x00000000   Number         0  gd32f1x0_usart.o ABSOLUTE
    ..\\Library\\Source\\gd32f1x0_wwdgt.c    0x00000000   Number         0  gd32f1x0_wwdgt.o ABSOLUTE
    ..\\User\\gd32f1x0_it.c                  0x00000000   Number         0  gd32f1x0_it.o ABSOLUTE
    ..\\User\\main.c                         0x00000000   Number         0  main.o ABSOLUTE
    ..\\User\\systick.c                      0x00000000   Number         0  systick.o ABSOLUTE
    ..\\User\\tool.c                         0x00000000   Number         0  tool.o ABSOLUTE
    cdrcmple.s                               0x00000000   Number         0  cdrcmple.o ABSOLUTE
    dc.s                                     0x00000000   Number         0  dc.o ABSOLUTE
    handlers.s                               0x00000000   Number         0  handlers.o ABSOLUTE
    init.s                                   0x00000000   Number         0  init.o ABSOLUTE
    RESET                                    0x08000000   Section      360  startup_gd32f1x0.o(RESET)
    .ARM.Collect$$$$00000000                 0x08000168   Section        0  entry.o(.ARM.Collect$$$$00000000)
    .ARM.Collect$$$$00000001                 0x08000168   Section        4  entry2.o(.ARM.Collect$$$$00000001)
    .ARM.Collect$$$$00000004                 0x0800016c   Section        4  entry5.o(.ARM.Collect$$$$00000004)
    .ARM.Collect$$$$00000008                 0x08000170   Section        0  entry7b.o(.ARM.Collect$$$$00000008)
    .ARM.Collect$$$$0000000A                 0x08000170   Section        0  entry8b.o(.ARM.Collect$$$$0000000A)
    .ARM.Collect$$$$0000000B                 0x08000170   Section        8  entry9a.o(.ARM.Collect$$$$0000000B)
    .ARM.Collect$$$$0000000D                 0x08000178   Section        0  entry10a.o(.ARM.Collect$$$$0000000D)
    .ARM.Collect$$$$0000000F                 0x08000178   Section        0  entry11a.o(.ARM.Collect$$$$0000000F)
    .ARM.Collect$$$$00002712                 0x08000178   Section        4  entry2.o(.ARM.Collect$$$$00002712)
    __lit__00000000                          0x08000178   Data           4  entry2.o(.ARM.Collect$$$$00002712)
    .text                                    0x0800017c   Section       36  startup_gd32f1x0.o(.text)
    .text                                    0x080001a0   Section        0  memmovea.o(.text)
    .text                                    0x080001e0   Section        0  uldiv.o(.text)
    .text                                    0x08000244   Section       36  init.o(.text)
    .text                                    0x08000268   Section        0  llshl.o(.text)
    .text                                    0x08000286   Section        0  llushr.o(.text)
    i.BQ40Z50_Init                           0x080002a6   Section        0  tool.o(i.BQ40Z50_Init)
    i.BQ40Z50_Read_SOC                       0x080002b8   Section        0  tool.o(i.BQ40Z50_Read_SOC)
    i.BQ40Z50_Read_Temp                      0x08000348   Section        0  tool.o(i.BQ40Z50_Read_Temp)
    i.BQ40Z50_Read_Vol                       0x080003d4   Section        0  tool.o(i.BQ40Z50_Read_Vol)
    i.BusFault_Handler                       0x08000468   Section        0  gd32f1x0_it.o(i.BusFault_Handler)
    i.DebugMon_Handler                       0x0800046c   Section        0  gd32f1x0_it.o(i.DebugMon_Handler)
    i.HardFault_Handler                      0x0800046e   Section        0  gd32f1x0_it.o(i.HardFault_Handler)
    i.MemManage_Handler                      0x08000472   Section        0  gd32f1x0_it.o(i.MemManage_Handler)
    i.NMI_Handler                            0x08000476   Section        0  gd32f1x0_it.o(i.NMI_Handler)
    i.PendSV_Handler                         0x08000478   Section        0  gd32f1x0_it.o(i.PendSV_Handler)
    i.SVC_Handler                            0x0800047a   Section        0  gd32f1x0_it.o(i.SVC_Handler)
    i.SysTick_Handler                        0x0800047c   Section        0  gd32f1x0_it.o(i.SysTick_Handler)
    i.SystemInit                             0x08000480   Section        0  system_gd32f1x0.o(i.SystemInit)
    i.USART0_IRQHandler                      0x08000508   Section        0  gd32f1x0_it.o(i.USART0_IRQHandler)
    i.USART1_IRQHandler                      0x08000618   Section        0  gd32f1x0_it.o(i.USART1_IRQHandler)
    i.UsageFault_Handler                     0x08000764   Section        0  gd32f1x0_it.o(i.UsageFault_Handler)
    i.__0printf$8                            0x08000768   Section        0  printf8.o(i.__0printf$8)
    i.__scatterload_copy                     0x08000788   Section       14  handlers.o(i.__scatterload_copy)
    i.__scatterload_null                     0x08000796   Section        2  handlers.o(i.__scatterload_null)
    i.__scatterload_zeroinit                 0x08000798   Section       14  handlers.o(i.__scatterload_zeroinit)
    i._printf_core                           0x080007a8   Section        0  printf8.o(i._printf_core)
    _printf_core                             0x080007a9   Thumb Code   996  printf8.o(i._printf_core)
    i._printf_post_padding                   0x08000bb8   Section        0  printf8.o(i._printf_post_padding)
    _printf_post_padding                     0x08000bb9   Thumb Code    36  printf8.o(i._printf_post_padding)
    i._printf_pre_padding                    0x08000bdc   Section        0  printf8.o(i._printf_pre_padding)
    _printf_pre_padding                      0x08000bdd   Thumb Code    46  printf8.o(i._printf_pre_padding)
    i.com_init0                              0x08000c0c   Section        0  tool.o(i.com_init0)
    i.com_init1                              0x08000cb0   Section        0  tool.o(i.com_init1)
    i.delay                                  0x08000d24   Section        0  main.o(i.delay)
    i.fputc                                  0x08000d38   Section        0  main.o(i.fputc)
    i.gpio_af_set                            0x08000d60   Section        0  gd32f1x0_gpio.o(i.gpio_af_set)
    i.gpio_bit_reset                         0x08000dbe   Section        0  gd32f1x0_gpio.o(i.gpio_bit_reset)
    i.gpio_bit_set                           0x08000dc2   Section        0  gd32f1x0_gpio.o(i.gpio_bit_set)
    i.gpio_bit_write                         0x08000dc6   Section        0  gd32f1x0_gpio.o(i.gpio_bit_write)
    i.gpio_config                            0x08000dd0   Section        0  tool.o(i.gpio_config)
    i.gpio_mode_set                          0x08000e28   Section        0  gd32f1x0_gpio.o(i.gpio_mode_set)
    i.gpio_output_bit_get                    0x08000e76   Section        0  gd32f1x0_gpio.o(i.gpio_output_bit_get)
    i.gpio_output_options_set                0x08000e86   Section        0  gd32f1x0_gpio.o(i.gpio_output_options_set)
    i.i2c_ack_config                         0x08000ec8   Section        0  gd32f1x0_i2c.o(i.i2c_ack_config)
    i.i2c_ackpos_config                      0x08000ee0   Section        0  gd32f1x0_i2c.o(i.i2c_ackpos_config)
    i.i2c_clock_config                       0x08000ef8   Section        0  gd32f1x0_i2c.o(i.i2c_clock_config)
    i.i2c_config                             0x08000fd0   Section        0  tool.o(i.i2c_config)
    i.i2c_data_receive                       0x08000ffc   Section        0  gd32f1x0_i2c.o(i.i2c_data_receive)
    i.i2c_data_transmit                      0x08001004   Section        0  gd32f1x0_i2c.o(i.i2c_data_transmit)
    i.i2c_deinit                             0x0800100c   Section        0  gd32f1x0_i2c.o(i.i2c_deinit)
    i.i2c_enable                             0x0800104c   Section        0  gd32f1x0_i2c.o(i.i2c_enable)
    i.i2c_flag_clear                         0x08001056   Section        0  gd32f1x0_i2c.o(i.i2c_flag_clear)
    i.i2c_flag_get                           0x08001068   Section        0  gd32f1x0_i2c.o(i.i2c_flag_get)
    i.i2c_master_addressing                  0x0800109a   Section        0  gd32f1x0_i2c.o(i.i2c_master_addressing)
    i.i2c_read_register2                     0x080010b0   Section        0  tool.o(i.i2c_read_register2)
    i.i2c_start_on_bus                       0x0800143c   Section        0  gd32f1x0_i2c.o(i.i2c_start_on_bus)
    i.i2c_stop_on_bus                        0x08001446   Section        0  gd32f1x0_i2c.o(i.i2c_stop_on_bus)
    i.main                                   0x08001450   Section        0  main.o(i.main)
    i.nvic_irq_enable                        0x080014f4   Section        0  gd32f1x0_misc.o(i.nvic_irq_enable)
    i.periodic_report                        0x08001598   Section        0  tool.o(i.periodic_report)
    i.power_init                             0x080015c0   Section        0  tool.o(i.power_init)
    i.process_command                        0x0800170c   Section        0  tool.o(i.process_command)
    i.rcu_ahb_clock_config                   0x080018ec   Section        0  gd32f1x0_rcu.o(i.rcu_ahb_clock_config)
    i.rcu_clock_freq_get                     0x08001908   Section        0  gd32f1x0_rcu.o(i.rcu_clock_freq_get)
    i.rcu_config                             0x08001bb0   Section        0  tool.o(i.rcu_config)
    i.rcu_periph_clock_enable                0x08001bc4   Section        0  gd32f1x0_rcu.o(i.rcu_periph_clock_enable)
    i.rcu_periph_reset_disable               0x08001be4   Section        0  gd32f1x0_rcu.o(i.rcu_periph_reset_disable)
    i.rcu_periph_reset_enable                0x08001c04   Section        0  gd32f1x0_rcu.o(i.rcu_periph_reset_enable)
    i.system_clock_8m_hxtal                  0x08001c24   Section        0  system_gd32f1x0.o(i.system_clock_8m_hxtal)
    system_clock_8m_hxtal                    0x08001c25   Thumb Code   110  system_gd32f1x0.o(i.system_clock_8m_hxtal)
    i.system_clock_config                    0x08001c98   Section        0  system_gd32f1x0.o(i.system_clock_config)
    system_clock_config                      0x08001c99   Thumb Code     8  system_gd32f1x0.o(i.system_clock_config)
    i.usart_baudrate_set                     0x08001ca0   Section        0  gd32f1x0_usart.o(i.usart_baudrate_set)
    i.usart_data_receive                     0x08001d1c   Section        0  gd32f1x0_usart.o(i.usart_data_receive)
    i.usart_data_transmit                    0x08001d26   Section        0  gd32f1x0_usart.o(i.usart_data_transmit)
    i.usart_deinit                           0x08001d30   Section        0  gd32f1x0_usart.o(i.usart_deinit)
    i.usart_enable                           0x08001d70   Section        0  gd32f1x0_usart.o(i.usart_enable)
    i.usart_flag_get                         0x08001d7a   Section        0  gd32f1x0_usart.o(i.usart_flag_get)
    i.usart_interrupt_disable                0x08001d98   Section        0  gd32f1x0_usart.o(i.usart_interrupt_disable)
    i.usart_interrupt_enable                 0x08001db2   Section        0  gd32f1x0_usart.o(i.usart_interrupt_enable)
    i.usart_interrupt_flag_get               0x08001dcc   Section        0  gd32f1x0_usart.o(i.usart_interrupt_flag_get)
    i.usart_receive_config                   0x08001e04   Section        0  gd32f1x0_usart.o(i.usart_receive_config)
    i.usart_transmit                         0x08001e14   Section        0  tool.o(i.usart_transmit)
    i.usart_transmit_config                  0x08001e46   Section        0  gd32f1x0_usart.o(i.usart_transmit_config)
    .data                                    0x20000000   Section        4  main.o(.data)
    .data                                    0x20000004   Section       20  gd32f1x0_it.o(.data)
    .data                                    0x20000018   Section      120  tool.o(.data)
    .data                                    0x20000090   Section        4  stdout.o(.data)
    .bss                                     0x20000094   Section       68  gd32f1x0_it.o(.bss)
    STACK                                    0x200000d8   Section     1024  startup_gd32f1x0.o(STACK)

    Global Symbols

    Symbol Name                              Value     Ov Type        Size  Object(Section)

    BuildAttributes$$THM_ISAv4$P$D$K$B$S$PE$A:L22UL41UL21$X:L11$S22US41US21$IEEE1$IW$USESV6$~STKCKD$USESV7$~SHL$OSPACE$ROPI$EBA8$MICROLIB$REQ8$PRES8$EABIv2 0x00000000   Number         0  anon$$obj.o ABSOLUTE
    __ARM_use_no_argv                        0x00000000   Number         0  main.o ABSOLUTE
    _printf_a                                0x00000000   Number         0  stubs.o ABSOLUTE
    _printf_c                                0x00000000   Number         0  stubs.o ABSOLUTE
    _printf_charcount                        0x00000000   Number         0  stubs.o ABSOLUTE
    _printf_d                                0x00000000   Number         0  stubs.o ABSOLUTE
    _printf_e                                0x00000000   Number         0  stubs.o ABSOLUTE
    _printf_f                                0x00000000   Number         0  stubs.o ABSOLUTE
    _printf_flags                            0x00000000   Number         0  stubs.o ABSOLUTE
    _printf_fp_dec                           0x00000000   Number         0  stubs.o ABSOLUTE
    _printf_fp_hex                           0x00000000   Number         0  stubs.o ABSOLUTE
    _printf_g                                0x00000000   Number         0  stubs.o ABSOLUTE
    _printf_i                                0x00000000   Number         0  stubs.o ABSOLUTE
    _printf_int_dec                          0x00000000   Number         0  stubs.o ABSOLUTE
    _printf_l                                0x00000000   Number         0  stubs.o ABSOLUTE
    _printf_lc                               0x00000000   Number         0  stubs.o ABSOLUTE
    _printf_ll                               0x00000000   Number         0  stubs.o ABSOLUTE
    _printf_lld                              0x00000000   Number         0  stubs.o ABSOLUTE
    _printf_lli                              0x00000000   Number         0  stubs.o ABSOLUTE
    _printf_llo                              0x00000000   Number         0  stubs.o ABSOLUTE
    _printf_llu                              0x00000000   Number         0  stubs.o ABSOLUTE
    _printf_llx                              0x00000000   Number         0  stubs.o ABSOLUTE
    _printf_longlong_dec                     0x00000000   Number         0  stubs.o ABSOLUTE
    _printf_longlong_hex                     0x00000000   Number         0  stubs.o ABSOLUTE
    _printf_longlong_oct                     0x00000000   Number         0  stubs.o ABSOLUTE
    _printf_ls                               0x00000000   Number         0  stubs.o ABSOLUTE
    _printf_mbtowc                           0x00000000   Number         0  stubs.o ABSOLUTE
    _printf_n                                0x00000000   Number         0  stubs.o ABSOLUTE
    _printf_o                                0x00000000   Number         0  stubs.o ABSOLUTE
    _printf_p                                0x00000000   Number         0  stubs.o ABSOLUTE
    _printf_percent                          0x00000000   Number         0  stubs.o ABSOLUTE
    _printf_pre_padding                      0x00000000   Number         0  stubs.o ABSOLUTE
    _printf_return_value                     0x00000000   Number         0  stubs.o ABSOLUTE
    _printf_s                                0x00000000   Number         0  stubs.o ABSOLUTE
    _printf_sizespec                         0x00000000   Number         0  stubs.o ABSOLUTE
    _printf_str                              0x00000000   Number         0  stubs.o ABSOLUTE
    _printf_truncate_signed                  0x00000000   Number         0  stubs.o ABSOLUTE
    _printf_truncate_unsigned                0x00000000   Number         0  stubs.o ABSOLUTE
    _printf_u                                0x00000000   Number         0  stubs.o ABSOLUTE
    _printf_wc                               0x00000000   Number         0  stubs.o ABSOLUTE
    _printf_wctomb                           0x00000000   Number         0  stubs.o ABSOLUTE
    _printf_widthprec                        0x00000000   Number         0  stubs.o ABSOLUTE
    _printf_x                                0x00000000   Number         0  stubs.o ABSOLUTE
    __cpp_initialize__aeabi_                  - Undefined Weak Reference
    __cxa_finalize                            - Undefined Weak Reference
    __decompress                              - Undefined Weak Reference
    _clock_init                               - Undefined Weak Reference
    _microlib_exit                            - Undefined Weak Reference
    __Vectors_Size                           0x00000168   Number         0  startup_gd32f1x0.o ABSOLUTE
    __Vectors                                0x08000000   Data           4  startup_gd32f1x0.o(RESET)
    __Vectors_End                            0x08000168   Data           0  startup_gd32f1x0.o(RESET)
    __main                                   0x08000169   Thumb Code     0  entry.o(.ARM.Collect$$$$00000000)
    _main_stk                                0x08000169   Thumb Code     0  entry2.o(.ARM.Collect$$$$00000001)
    _main_scatterload                        0x0800016d   Thumb Code     0  entry5.o(.ARM.Collect$$$$00000004)
    __main_after_scatterload                 0x08000171   Thumb Code     0  entry5.o(.ARM.Collect$$$$00000004)
    _main_clock                              0x08000171   Thumb Code     0  entry7b.o(.ARM.Collect$$$$00000008)
    _main_cpp_init                           0x08000171   Thumb Code     0  entry8b.o(.ARM.Collect$$$$0000000A)
    _main_init                               0x08000171   Thumb Code     0  entry9a.o(.ARM.Collect$$$$0000000B)
    __rt_final_cpp                           0x08000179   Thumb Code     0  entry10a.o(.ARM.Collect$$$$0000000D)
    __rt_final_exit                          0x08000179   Thumb Code     0  entry11a.o(.ARM.Collect$$$$0000000F)
    Reset_Handler                            0x0800017d   Thumb Code     8  startup_gd32f1x0.o(.text)
    ADC_CMP_IRQHandler                       0x08000197   Thumb Code     0  startup_gd32f1x0.o(.text)
    CAN0_RX0_IRQHandler                      0x08000197   Thumb Code     0  startup_gd32f1x0.o(.text)
    CAN0_RX1_IRQHandler                      0x08000197   Thumb Code     0  startup_gd32f1x0.o(.text)
    CAN0_SCE_IRQHandler                      0x08000197   Thumb Code     0  startup_gd32f1x0.o(.text)
    CAN0_TX_IRQHandler                       0x08000197   Thumb Code     0  startup_gd32f1x0.o(.text)
    CAN1_RX0_IRQHandler                      0x08000197   Thumb Code     0  startup_gd32f1x0.o(.text)
    CAN1_RX1_IRQHandler                      0x08000197   Thumb Code     0  startup_gd32f1x0.o(.text)
    CAN1_SCE_IRQHandler                      0x08000197   Thumb Code     0  startup_gd32f1x0.o(.text)
    CAN1_TX_IRQHandler                       0x08000197   Thumb Code     0  startup_gd32f1x0.o(.text)
    CEC_IRQHandler                           0x08000197   Thumb Code     0  startup_gd32f1x0.o(.text)
    DMA_Channel0_IRQHandler                  0x08000197   Thumb Code     0  startup_gd32f1x0.o(.text)
    DMA_Channel1_2_IRQHandler                0x08000197   Thumb Code     0  startup_gd32f1x0.o(.text)
    DMA_Channel3_4_IRQHandler                0x08000197   Thumb Code     0  startup_gd32f1x0.o(.text)
    DMA_Channel5_6_IRQHandler                0x08000197   Thumb Code     0  startup_gd32f1x0.o(.text)
    EXTI0_1_IRQHandler                       0x08000197   Thumb Code     0  startup_gd32f1x0.o(.text)
    EXTI2_3_IRQHandler                       0x08000197   Thumb Code     0  startup_gd32f1x0.o(.text)
    EXTI4_15_IRQHandler                      0x08000197   Thumb Code     0  startup_gd32f1x0.o(.text)
    FMC_IRQHandler                           0x08000197   Thumb Code     0  startup_gd32f1x0.o(.text)
    I2C0_ER_IRQHandler                       0x08000197   Thumb Code     0  startup_gd32f1x0.o(.text)
    I2C0_EV_IRQHandler                       0x08000197   Thumb Code     0  startup_gd32f1x0.o(.text)
    I2C1_ER_IRQHandler                       0x08000197   Thumb Code     0  startup_gd32f1x0.o(.text)
    I2C1_EV_IRQHandler                       0x08000197   Thumb Code     0  startup_gd32f1x0.o(.text)
    I2C2_ER_IRQHandler                       0x08000197   Thumb Code     0  startup_gd32f1x0.o(.text)
    I2C2_EV_IRQHandler                       0x08000197   Thumb Code     0  startup_gd32f1x0.o(.text)
    LVD_IRQHandler                           0x08000197   Thumb Code     0  startup_gd32f1x0.o(.text)
    RCU_IRQHandler                           0x08000197   Thumb Code     0  startup_gd32f1x0.o(.text)
    RTC_IRQHandler                           0x08000197   Thumb Code     0  startup_gd32f1x0.o(.text)
    SLCD_IRQHandler                          0x08000197   Thumb Code     0  startup_gd32f1x0.o(.text)
    SPI0_IRQHandler                          0x08000197   Thumb Code     0  startup_gd32f1x0.o(.text)
    SPI1_IRQHandler                          0x08000197   Thumb Code     0  startup_gd32f1x0.o(.text)
    SPI2_IRQHandler                          0x08000197   Thumb Code     0  startup_gd32f1x0.o(.text)
    TIMER0_BRK_UP_TRG_COM_IRQHandler         0x08000197   Thumb Code     0  startup_gd32f1x0.o(.text)
    TIMER0_Channel_IRQHandler                0x08000197   Thumb Code     0  startup_gd32f1x0.o(.text)
    TIMER13_IRQHandler                       0x08000197   Thumb Code     0  startup_gd32f1x0.o(.text)
    TIMER14_IRQHandler                       0x08000197   Thumb Code     0  startup_gd32f1x0.o(.text)
    TIMER15_IRQHandler                       0x08000197   Thumb Code     0  startup_gd32f1x0.o(.text)
    TIMER16_IRQHandler                       0x08000197   Thumb Code     0  startup_gd32f1x0.o(.text)
    TIMER1_IRQHandler                        0x08000197   Thumb Code     0  startup_gd32f1x0.o(.text)
    TIMER2_IRQHandler                        0x08000197   Thumb Code     0  startup_gd32f1x0.o(.text)
    TIMER5_DAC_IRQHandler                    0x08000197   Thumb Code     0  startup_gd32f1x0.o(.text)
    TSI_IRQHandler                           0x08000197   Thumb Code     0  startup_gd32f1x0.o(.text)
    USBDWakeUp_IRQHandler                    0x08000197   Thumb Code     0  startup_gd32f1x0.o(.text)
    USBD_HP_IRQHandler                       0x08000197   Thumb Code     0  startup_gd32f1x0.o(.text)
    USBD_LP_IRQHandler                       0x08000197   Thumb Code     0  startup_gd32f1x0.o(.text)
    WWDGT_IRQHandler                         0x08000197   Thumb Code     0  startup_gd32f1x0.o(.text)
    ___aeabi_memcpy4$move                    0x080001a1   Thumb Code     0  memmovea.o(.text)
    ___aeabi_memcpy8$move                    0x080001a1   Thumb Code     0  memmovea.o(.text)
    __aeabi_memcpy                           0x080001a1   Thumb Code    64  memmovea.o(.text)
    __aeabi_memmove                          0x080001a1   Thumb Code     0  memmovea.o(.text)
    __aeabi_memmove4                         0x080001a1   Thumb Code     0  memmovea.o(.text)
    __aeabi_memmove8                         0x080001a1   Thumb Code     0  memmovea.o(.text)
    __aeabi_uldivmod                         0x080001e1   Thumb Code    98  uldiv.o(.text)
    __scatterload                            0x08000245   Thumb Code    28  init.o(.text)
    __scatterload_rt2                        0x08000245   Thumb Code     0  init.o(.text)
    __aeabi_llsl                             0x08000269   Thumb Code    30  llshl.o(.text)
    _ll_shift_l                              0x08000269   Thumb Code     0  llshl.o(.text)
    __aeabi_llsr                             0x08000287   Thumb Code    32  llushr.o(.text)
    _ll_ushift_r                             0x08000287   Thumb Code     0  llushr.o(.text)
    BQ40Z50_Init                             0x080002a7   Thumb Code    16  tool.o(i.BQ40Z50_Init)
    BQ40Z50_Read_SOC                         0x080002b9   Thumb Code    68  tool.o(i.BQ40Z50_Read_SOC)
    BQ40Z50_Read_Temp                        0x08000349   Thumb Code    64  tool.o(i.BQ40Z50_Read_Temp)
    BQ40Z50_Read_Vol                         0x080003d5   Thumb Code    70  tool.o(i.BQ40Z50_Read_Vol)
    BusFault_Handler                         0x08000469   Thumb Code     4  gd32f1x0_it.o(i.BusFault_Handler)
    DebugMon_Handler                         0x0800046d   Thumb Code     2  gd32f1x0_it.o(i.DebugMon_Handler)
    HardFault_Handler                        0x0800046f   Thumb Code     4  gd32f1x0_it.o(i.HardFault_Handler)
    MemManage_Handler                        0x08000473   Thumb Code     4  gd32f1x0_it.o(i.MemManage_Handler)
    NMI_Handler                              0x08000477   Thumb Code     2  gd32f1x0_it.o(i.NMI_Handler)
    PendSV_Handler                           0x08000479   Thumb Code     2  gd32f1x0_it.o(i.PendSV_Handler)
    SVC_Handler                              0x0800047b   Thumb Code     2  gd32f1x0_it.o(i.SVC_Handler)
    SysTick_Handler                          0x0800047d   Thumb Code     2  gd32f1x0_it.o(i.SysTick_Handler)
    SystemInit                               0x08000481   Thumb Code   118  system_gd32f1x0.o(i.SystemInit)
    USART0_IRQHandler                        0x08000509   Thumb Code   208  gd32f1x0_it.o(i.USART0_IRQHandler)
    USART1_IRQHandler                        0x08000619   Thumb Code   240  gd32f1x0_it.o(i.USART1_IRQHandler)
    UsageFault_Handler                       0x08000765   Thumb Code     4  gd32f1x0_it.o(i.UsageFault_Handler)
    __0printf$8                              0x08000769   Thumb Code    22  printf8.o(i.__0printf$8)
    __1printf$8                              0x08000769   Thumb Code     0  printf8.o(i.__0printf$8)
    __2printf                                0x08000769   Thumb Code     0  printf8.o(i.__0printf$8)
    __scatterload_copy                       0x08000789   Thumb Code    14  handlers.o(i.__scatterload_copy)
    __scatterload_null                       0x08000797   Thumb Code     2  handlers.o(i.__scatterload_null)
    __scatterload_zeroinit                   0x08000799   Thumb Code    14  handlers.o(i.__scatterload_zeroinit)
    com_init0                                0x08000c0d   Thumb Code   158  tool.o(i.com_init0)
    com_init1                                0x08000cb1   Thumb Code   112  tool.o(i.com_init1)
    delay                                    0x08000d25   Thumb Code    20  main.o(i.delay)
    fputc                                    0x08000d39   Thumb Code    34  main.o(i.fputc)
    gpio_af_set                              0x08000d61   Thumb Code    94  gd32f1x0_gpio.o(i.gpio_af_set)
    gpio_bit_reset                           0x08000dbf   Thumb Code     4  gd32f1x0_gpio.o(i.gpio_bit_reset)
    gpio_bit_set                             0x08000dc3   Thumb Code     4  gd32f1x0_gpio.o(i.gpio_bit_set)
    gpio_bit_write                           0x08000dc7   Thumb Code    10  gd32f1x0_gpio.o(i.gpio_bit_write)
    gpio_config                              0x08000dd1   Thumb Code    84  tool.o(i.gpio_config)
    gpio_mode_set                            0x08000e29   Thumb Code    78  gd32f1x0_gpio.o(i.gpio_mode_set)
    gpio_output_bit_get                      0x08000e77   Thumb Code    16  gd32f1x0_gpio.o(i.gpio_output_bit_get)
    gpio_output_options_set                  0x08000e87   Thumb Code    66  gd32f1x0_gpio.o(i.gpio_output_options_set)
    i2c_ack_config                           0x08000ec9   Thumb Code    24  gd32f1x0_i2c.o(i.i2c_ack_config)
    i2c_ackpos_config                        0x08000ee1   Thumb Code    22  gd32f1x0_i2c.o(i.i2c_ackpos_config)
    i2c_clock_config                         0x08000ef9   Thumb Code   204  gd32f1x0_i2c.o(i.i2c_clock_config)
    i2c_config                               0x08000fd1   Thumb Code    34  tool.o(i.i2c_config)
    i2c_data_receive                         0x08000ffd   Thumb Code     8  gd32f1x0_i2c.o(i.i2c_data_receive)
    i2c_data_transmit                        0x08001005   Thumb Code     6  gd32f1x0_i2c.o(i.i2c_data_transmit)
    i2c_deinit                               0x0800100d   Thumb Code    60  gd32f1x0_i2c.o(i.i2c_deinit)
    i2c_enable                               0x0800104d   Thumb Code    10  gd32f1x0_i2c.o(i.i2c_enable)
    i2c_flag_clear                           0x08001057   Thumb Code    18  gd32f1x0_i2c.o(i.i2c_flag_clear)
    i2c_flag_get                             0x08001069   Thumb Code    50  gd32f1x0_i2c.o(i.i2c_flag_get)
    i2c_master_addressing                    0x0800109b   Thumb Code    20  gd32f1x0_i2c.o(i.i2c_master_addressing)
    i2c_read_register2                       0x080010b1   Thumb Code   538  tool.o(i.i2c_read_register2)
    i2c_start_on_bus                         0x0800143d   Thumb Code    10  gd32f1x0_i2c.o(i.i2c_start_on_bus)
    i2c_stop_on_bus                          0x08001447   Thumb Code    10  gd32f1x0_i2c.o(i.i2c_stop_on_bus)
    main                                     0x08001451   Thumb Code   144  main.o(i.main)
    nvic_irq_enable                          0x080014f5   Thumb Code   156  gd32f1x0_misc.o(i.nvic_irq_enable)
    periodic_report                          0x08001599   Thumb Code    26  tool.o(i.periodic_report)
    power_init                               0x080015c1   Thumb Code   330  tool.o(i.power_init)
    process_command                          0x0800170d   Thumb Code   418  tool.o(i.process_command)
    rcu_ahb_clock_config                     0x080018ed   Thumb Code    22  gd32f1x0_rcu.o(i.rcu_ahb_clock_config)
    rcu_clock_freq_get                       0x08001909   Thumb Code   646  gd32f1x0_rcu.o(i.rcu_clock_freq_get)
    rcu_config                               0x08001bb1   Thumb Code    20  tool.o(i.rcu_config)
    rcu_periph_clock_enable                  0x08001bc5   Thumb Code    28  gd32f1x0_rcu.o(i.rcu_periph_clock_enable)
    rcu_periph_reset_disable                 0x08001be5   Thumb Code    28  gd32f1x0_rcu.o(i.rcu_periph_reset_disable)
    rcu_periph_reset_enable                  0x08001c05   Thumb Code    28  gd32f1x0_rcu.o(i.rcu_periph_reset_enable)
    usart_baudrate_set                       0x08001ca1   Thumb Code   120  gd32f1x0_usart.o(i.usart_baudrate_set)
    usart_data_receive                       0x08001d1d   Thumb Code    10  gd32f1x0_usart.o(i.usart_data_receive)
    usart_data_transmit                      0x08001d27   Thumb Code     8  gd32f1x0_usart.o(i.usart_data_transmit)
    usart_deinit                             0x08001d31   Thumb Code    58  gd32f1x0_usart.o(i.usart_deinit)
    usart_enable                             0x08001d71   Thumb Code    10  gd32f1x0_usart.o(i.usart_enable)
    usart_flag_get                           0x08001d7b   Thumb Code    30  gd32f1x0_usart.o(i.usart_flag_get)
    usart_interrupt_disable                  0x08001d99   Thumb Code    26  gd32f1x0_usart.o(i.usart_interrupt_disable)
    usart_interrupt_enable                   0x08001db3   Thumb Code    26  gd32f1x0_usart.o(i.usart_interrupt_enable)
    usart_interrupt_flag_get                 0x08001dcd   Thumb Code    56  gd32f1x0_usart.o(i.usart_interrupt_flag_get)
    usart_receive_config                     0x08001e05   Thumb Code    16  gd32f1x0_usart.o(i.usart_receive_config)
    usart_transmit                           0x08001e15   Thumb Code    50  tool.o(i.usart_transmit)
    usart_transmit_config                    0x08001e47   Thumb Code    16  gd32f1x0_usart.o(i.usart_transmit_config)
    Region$$Table$$Base                      0x08001e58   Number         0  anon$$obj.o(Region$$Table)
    Region$$Table$$Limit                     0x08001e78   Number         0  anon$$obj.o(Region$$Table)
    need_process_command                     0x20000000   Data           1  main.o(.data)
    need_periodic_report                     0x20000001   Data           1  main.o(.data)
    need_report_adc                          0x20000002   Data           1  main.o(.data)
    host_bootup_ok                           0x20000003   Data           1  main.o(.data)
    usart1_rxcount                           0x20000004   Data           2  gd32f1x0_it.o(.data)
    message1_begin                           0x20000008   Data           4  gd32f1x0_it.o(.data)
    host_receiver_buffer                     0x2000000c   Data           6  gd32f1x0_it.o(.data)
    usart0_rxcount                           0x20000012   Data           2  gd32f1x0_it.o(.data)
    message0_begin                           0x20000014   Data           4  gd32f1x0_it.o(.data)
    battery_temp_data                        0x20000018   Data           4  tool.o(.data)
    host_reply_heart_beat_buffer             0x2000001c   Data           6  tool.o(.data)
    host_reply_get_power_status_buffer       0x20000022   Data           6  tool.o(.data)
    host_reply_set_power_status_buffer       0x20000028   Data           6  tool.o(.data)
    host_reply_get_adc_value_buffer          0x2000002e   Data          24  tool.o(.data)
    host_reply_get_bat_capacity_buffer       0x20000046   Data           6  tool.o(.data)
    host_reply_get_bat_temperature_buffer    0x2000004c   Data           6  tool.o(.data)
    host_reply_get_bat_voltage_buffer        0x20000052   Data           6  tool.o(.data)
    host_reply_bootup_success_buffer         0x20000058   Data           6  tool.o(.data)
    host_reply_error_status_buffer           0x2000005e   Data           6  tool.o(.data)
    pin_power_map                            0x20000064   Data          20  tool.o(.data)
    periodic_report_adc_value_buffer         0x20000078   Data          24  tool.o(.data)
    __stdout                                 0x20000090   Data           4  stdout.o(.data)
    usart1_receiver_buffer                   0x20000094   Data          32  gd32f1x0_it.o(.bss)
    adc_value                                0x200000b4   Data          20  gd32f1x0_it.o(.bss)
    usart0_receiver_buffer                   0x200000c8   Data          16  gd32f1x0_it.o(.bss)
    __initial_sp                             0x200004d8   Data           0  startup_gd32f1x0.o(STACK)



==============================================================================

Memory Map of the image

  Image Entry point : 0x08000169

  Load Region LR_IROM1 (Base: 0x08000000, Size: 0x00001f0c, Max: 0x00010000, ABSOLUTE)

    Execution Region ER_IROM1 (Exec base: 0x08000000, Load base: 0x08000000, Size: 0x00001e78, Max: 0x00010000, ABSOLUTE)

    Exec Addr    Load Addr    Size         Type   Attr      Idx    E Section Name        Object

    0x08000000   0x08000000   0x00000168   Data   RO          133    RESET               startup_gd32f1x0.o
    0x08000168   0x08000168   0x00000000   Code   RO         3903  * .ARM.Collect$$$$00000000  mc_w.l(entry.o)
    0x08000168   0x08000168   0x00000004   Code   RO         4175    .ARM.Collect$$$$00000001  mc_w.l(entry2.o)
    0x0800016c   0x0800016c   0x00000004   Code   RO         4178    .ARM.Collect$$$$00000004  mc_w.l(entry5.o)
    0x08000170   0x08000170   0x00000000   Code   RO         4180    .ARM.Collect$$$$00000008  mc_w.l(entry7b.o)
    0x08000170   0x08000170   0x00000000   Code   RO         4182    .ARM.Collect$$$$0000000A  mc_w.l(entry8b.o)
    0x08000170   0x08000170   0x00000008   Code   RO         4183    .ARM.Collect$$$$0000000B  mc_w.l(entry9a.o)
    0x08000178   0x08000178   0x00000000   Code   RO         4185    .ARM.Collect$$$$0000000D  mc_w.l(entry10a.o)
    0x08000178   0x08000178   0x00000000   Code   RO         4187    .ARM.Collect$$$$0000000F  mc_w.l(entry11a.o)
    0x08000178   0x08000178   0x00000004   Code   RO         4176    .ARM.Collect$$$$00002712  mc_w.l(entry2.o)
    0x0800017c   0x0800017c   0x00000024   Code   RO          134    .text               startup_gd32f1x0.o
    0x080001a0   0x080001a0   0x00000040   Code   RO         3908    .text               mc_w.l(memmovea.o)
    0x080001e0   0x080001e0   0x00000062   Code   RO         4192    .text               mc_w.l(uldiv.o)
    0x08000242   0x08000242   0x00000002   PAD
    0x08000244   0x08000244   0x00000024   Code   RO         4205    .text               mc_w.l(init.o)
    0x08000268   0x08000268   0x0000001e   Code   RO         4207    .text               mc_w.l(llshl.o)
    0x08000286   0x08000286   0x00000020   Code   RO         4209    .text               mc_w.l(llushr.o)
    0x080002a6   0x080002a6   0x00000010   Code   RO         3786    i.BQ40Z50_Init      tool.o
    0x080002b6   0x080002b6   0x00000002   PAD
    0x080002b8   0x080002b8   0x00000090   Code   RO         3787    i.BQ40Z50_Read_SOC  tool.o
    0x08000348   0x08000348   0x0000008c   Code   RO         3788    i.BQ40Z50_Read_Temp  tool.o
    0x080003d4   0x080003d4   0x00000094   Code   RO         3789    i.BQ40Z50_Read_Vol  tool.o
    0x08000468   0x08000468   0x00000004   Code   RO         3695    i.BusFault_Handler  gd32f1x0_it.o
    0x0800046c   0x0800046c   0x00000002   Code   RO         3696    i.DebugMon_Handler  gd32f1x0_it.o
    0x0800046e   0x0800046e   0x00000004   Code   RO         3697    i.HardFault_Handler  gd32f1x0_it.o
    0x08000472   0x08000472   0x00000004   Code   RO         3698    i.MemManage_Handler  gd32f1x0_it.o
    0x08000476   0x08000476   0x00000002   Code   RO         3699    i.NMI_Handler       gd32f1x0_it.o
    0x08000478   0x08000478   0x00000002   Code   RO         3700    i.PendSV_Handler    gd32f1x0_it.o
    0x0800047a   0x0800047a   0x00000002   Code   RO         3701    i.SVC_Handler       gd32f1x0_it.o
    0x0800047c   0x0800047c   0x00000002   Code   RO         3702    i.SysTick_Handler   gd32f1x0_it.o
    0x0800047e   0x0800047e   0x00000002   PAD
    0x08000480   0x08000480   0x00000088   Code   RO            4    i.SystemInit        system_gd32f1x0.o
    0x08000508   0x08000508   0x00000110   Code   RO         3703    i.USART0_IRQHandler  gd32f1x0_it.o
    0x08000618   0x08000618   0x0000014c   Code   RO         3704    i.USART1_IRQHandler  gd32f1x0_it.o
    0x08000764   0x08000764   0x00000004   Code   RO         3705    i.UsageFault_Handler  gd32f1x0_it.o
    0x08000768   0x08000768   0x00000020   Code   RO         4121    i.__0printf$8       mc_w.l(printf8.o)
    0x08000788   0x08000788   0x0000000e   Code   RO         4217    i.__scatterload_copy  mc_w.l(handlers.o)
    0x08000796   0x08000796   0x00000002   Code   RO         4218    i.__scatterload_null  mc_w.l(handlers.o)
    0x08000798   0x08000798   0x0000000e   Code   RO         4219    i.__scatterload_zeroinit  mc_w.l(handlers.o)
    0x080007a6   0x080007a6   0x00000002   PAD
    0x080007a8   0x080007a8   0x00000410   Code   RO         4128    i._printf_core      mc_w.l(printf8.o)
    0x08000bb8   0x08000bb8   0x00000024   Code   RO         4129    i._printf_post_padding  mc_w.l(printf8.o)
    0x08000bdc   0x08000bdc   0x0000002e   Code   RO         4130    i._printf_pre_padding  mc_w.l(printf8.o)
    0x08000c0a   0x08000c0a   0x00000002   PAD
    0x08000c0c   0x08000c0c   0x000000a4   Code   RO         3791    i.com_init0         tool.o
    0x08000cb0   0x08000cb0   0x00000074   Code   RO         3792    i.com_init1         tool.o
    0x08000d24   0x08000d24   0x00000014   Code   RO         3603    i.delay             main.o
    0x08000d38   0x08000d38   0x00000028   Code   RO         3605    i.fputc             main.o
    0x08000d60   0x08000d60   0x0000005e   Code   RO         1337    i.gpio_af_set       gd32f1x0_gpio.o
    0x08000dbe   0x08000dbe   0x00000004   Code   RO         1338    i.gpio_bit_reset    gd32f1x0_gpio.o
    0x08000dc2   0x08000dc2   0x00000004   Code   RO         1339    i.gpio_bit_set      gd32f1x0_gpio.o
    0x08000dc6   0x08000dc6   0x0000000a   Code   RO         1340    i.gpio_bit_write    gd32f1x0_gpio.o
    0x08000dd0   0x08000dd0   0x00000058   Code   RO         3794    i.gpio_config       tool.o
    0x08000e28   0x08000e28   0x0000004e   Code   RO         1344    i.gpio_mode_set     gd32f1x0_gpio.o
    0x08000e76   0x08000e76   0x00000010   Code   RO         1345    i.gpio_output_bit_get  gd32f1x0_gpio.o
    0x08000e86   0x08000e86   0x00000042   Code   RO         1346    i.gpio_output_options_set  gd32f1x0_gpio.o
    0x08000ec8   0x08000ec8   0x00000018   Code   RO         1429    i.i2c_ack_config    gd32f1x0_i2c.o
    0x08000ee0   0x08000ee0   0x00000016   Code   RO         1430    i.i2c_ackpos_config  gd32f1x0_i2c.o
    0x08000ef6   0x08000ef6   0x00000002   PAD
    0x08000ef8   0x08000ef8   0x000000d8   Code   RO         1431    i.i2c_clock_config  gd32f1x0_i2c.o
    0x08000fd0   0x08000fd0   0x0000002c   Code   RO         3795    i.i2c_config        tool.o
    0x08000ffc   0x08000ffc   0x00000008   Code   RO         1432    i.i2c_data_receive  gd32f1x0_i2c.o
    0x08001004   0x08001004   0x00000006   Code   RO         1433    i.i2c_data_transmit  gd32f1x0_i2c.o
    0x0800100a   0x0800100a   0x00000002   PAD
    0x0800100c   0x0800100c   0x00000040   Code   RO         1434    i.i2c_deinit        gd32f1x0_i2c.o
    0x0800104c   0x0800104c   0x0000000a   Code   RO         1439    i.i2c_enable        gd32f1x0_i2c.o
    0x08001056   0x08001056   0x00000012   Code   RO         1440    i.i2c_flag_clear    gd32f1x0_i2c.o
    0x08001068   0x08001068   0x00000032   Code   RO         1441    i.i2c_flag_get      gd32f1x0_i2c.o
    0x0800109a   0x0800109a   0x00000014   Code   RO         1446    i.i2c_master_addressing  gd32f1x0_i2c.o
    0x080010ae   0x080010ae   0x00000002   PAD
    0x080010b0   0x080010b0   0x0000038c   Code   RO         3796    i.i2c_read_register2  tool.o
    0x0800143c   0x0800143c   0x0000000a   Code   RO         1456    i.i2c_start_on_bus  gd32f1x0_i2c.o
    0x08001446   0x08001446   0x0000000a   Code   RO         1457    i.i2c_stop_on_bus   gd32f1x0_i2c.o
    0x08001450   0x08001450   0x000000a4   Code   RO         3606    i.main              main.o
    0x080014f4   0x080014f4   0x000000a4   Code   RO         1627    i.nvic_irq_enable   gd32f1x0_misc.o
    0x08001598   0x08001598   0x00000028   Code   RO         3798    i.periodic_report   tool.o
    0x080015c0   0x080015c0   0x0000014a   Code   RO         3799    i.power_init        tool.o
    0x0800170a   0x0800170a   0x00000002   PAD
    0x0800170c   0x0800170c   0x000001e0   Code   RO         3800    i.process_command   tool.o
    0x080018ec   0x080018ec   0x0000001c   Code   RO         1773    i.rcu_ahb_clock_config  gd32f1x0_rcu.o
    0x08001908   0x08001908   0x000002a8   Code   RO         1781    i.rcu_clock_freq_get  gd32f1x0_rcu.o
    0x08001bb0   0x08001bb0   0x00000014   Code   RO         3801    i.rcu_config        tool.o
    0x08001bc4   0x08001bc4   0x00000020   Code   RO         1801    i.rcu_periph_clock_enable  gd32f1x0_rcu.o
    0x08001be4   0x08001be4   0x00000020   Code   RO         1804    i.rcu_periph_reset_disable  gd32f1x0_rcu.o
    0x08001c04   0x08001c04   0x00000020   Code   RO         1805    i.rcu_periph_reset_enable  gd32f1x0_rcu.o
    0x08001c24   0x08001c24   0x00000074   Code   RO            5    i.system_clock_8m_hxtal  system_gd32f1x0.o
    0x08001c98   0x08001c98   0x00000008   Code   RO            6    i.system_clock_config  system_gd32f1x0.o
    0x08001ca0   0x08001ca0   0x0000007c   Code   RO         3130    i.usart_baudrate_set  gd32f1x0_usart.o
    0x08001d1c   0x08001d1c   0x0000000a   Code   RO         3136    i.usart_data_receive  gd32f1x0_usart.o
    0x08001d26   0x08001d26   0x00000008   Code   RO         3137    i.usart_data_transmit  gd32f1x0_usart.o
    0x08001d2e   0x08001d2e   0x00000002   PAD
    0x08001d30   0x08001d30   0x00000040   Code   RO         3138    i.usart_deinit      gd32f1x0_usart.o
    0x08001d70   0x08001d70   0x0000000a   Code   RO         3145    i.usart_enable      gd32f1x0_usart.o
    0x08001d7a   0x08001d7a   0x0000001e   Code   RO         3147    i.usart_flag_get    gd32f1x0_usart.o
    0x08001d98   0x08001d98   0x0000001a   Code   RO         3153    i.usart_interrupt_disable  gd32f1x0_usart.o
    0x08001db2   0x08001db2   0x0000001a   Code   RO         3154    i.usart_interrupt_enable  gd32f1x0_usart.o
    0x08001dcc   0x08001dcc   0x00000038   Code   RO         3156    i.usart_interrupt_flag_get  gd32f1x0_usart.o
    0x08001e04   0x08001e04   0x00000010   Code   RO         3172    i.usart_receive_config  gd32f1x0_usart.o
    0x08001e14   0x08001e14   0x00000032   Code   RO         3802    i.usart_transmit    tool.o
    0x08001e46   0x08001e46   0x00000010   Code   RO         3188    i.usart_transmit_config  gd32f1x0_usart.o
    0x08001e56   0x08001e56   0x00000002   PAD
    0x08001e58   0x08001e58   0x00000020   Data   RO         4215    Region$$Table       anon$$obj.o


    Execution Region RW_IRAM1 (Exec base: 0x20000000, Load base: 0x08001e78, Size: 0x000004d8, Max: 0x00002000, ABSOLUTE)

    Exec Addr    Load Addr    Size         Type   Attr      Idx    E Section Name        Object

    0x20000000   0x08001e78   0x00000004   Data   RW         3607    .data               main.o
    0x20000004   0x08001e7c   0x00000014   Data   RW         3707    .data               gd32f1x0_it.o
    0x20000018   0x08001e90   0x00000078   Data   RW         3803    .data               tool.o
    0x20000090   0x08001f08   0x00000004   Data   RW         4189    .data               mc_w.l(stdout.o)
    0x20000094        -       0x00000044   Zero   RW         3706    .bss                gd32f1x0_it.o
    0x200000d8        -       0x00000400   Zero   RW          131    STACK               startup_gd32f1x0.o


==============================================================================

Image component sizes


      Code (inc. data)   RO Data    RW Data    ZI Data      Debug   Object Name

       272          0          0          0          0       4523   gd32f1x0_gpio.o
       458         16          0          0          0       7058   gd32f1x0_i2c.o
       630        156          0         20         68       6452   gd32f1x0_it.o
       164          8          0          0          0        790   gd32f1x0_misc.o
       804         60          0          0          0       3887   gd32f1x0_rcu.o
       386         10          0          0          0       6676   gd32f1x0_usart.o
       224         26          0          4          0       3210   main.o
        36          8        360          0       1024        804   startup_gd32f1x0.o
       260         24          0          0          0      39561   system_gd32f1x0.o
      2688        700          0        120          0      11357   tool.o

    ----------------------------------------------------------------------
      5938       1008        392        144       1092      84318   Object Totals
         0          0         32          0          0          0   (incl. Generated)
        16          0          0          0          0          0   (incl. Padding)

    ----------------------------------------------------------------------

      Code (inc. data)   RO Data    RW Data    ZI Data      Debug   Library Member Name

         0          0          0          0          0          0   entry.o
         0          0          0          0          0          0   entry10a.o
         0          0          0          0          0          0   entry11a.o
         8          4          0          0          0          0   entry2.o
         4          0          0          0          0          0   entry5.o
         0          0          0          0          0          0   entry7b.o
         0          0          0          0          0          0   entry8b.o
         8          4          0          0          0          0   entry9a.o
        30          0          0          0          0          0   handlers.o
        36          8          0          0          0         68   init.o
        30          0          0          0          0         68   llshl.o
        32          0          0          0          0         68   llushr.o
        64          0          0          0          0         76   memmovea.o
      1154         54          0          0          0        352   printf8.o
         0          0          0          4          0          0   stdout.o
        98          0          0          0          0         92   uldiv.o

    ----------------------------------------------------------------------
      1470         70          0          4          0        724   Library Totals
         6          0          0          0          0          0   (incl. Padding)

    ----------------------------------------------------------------------

      Code (inc. data)   RO Data    RW Data    ZI Data      Debug   Library Name

      1464         70          0          4          0        724   mc_w.l

    ----------------------------------------------------------------------
      1470         70          0          4          0        724   Library Totals

    ----------------------------------------------------------------------

==============================================================================


      Code (inc. data)   RO Data    RW Data    ZI Data      Debug   

      7408       1078        392        148       1092      81554   Grand Totals
      7408       1078        392        148       1092      81554   ELF Image Totals
      7408       1078        392        148          0          0   ROM Totals

==============================================================================

    Total RO  Size (Code + RO Data)                 7800 (   7.62kB)
    Total RW  Size (RW Data + ZI Data)              1240 (   1.21kB)
    Total ROM Size (Code + RO Data + RW Data)       7948 (   7.76kB)

==============================================================================

